Archive member included because of file (symbol)

D:/xuser00/Ansoft/XSFK_KL25Z/XSFK_KL25Z/Library\libFusion.a(baranski_kalman.o)
                              ./Sources/tasks_func.o (fInit_1DOF_P_BASIC)
D:/xuser00/Ansoft/XSFK_KL25Z/XSFK_KL25Z/Library\libFusion.a(matrix.o)
                              D:/xuser00/Ansoft/XSFK_KL25Z/XSFK_KL25Z/Library\libFusion.a(baranski_kalman.o) (f3x3matrixAeqI)
D:/xuser00/Ansoft/XSFK_KL25Z/XSFK_KL25Z/Library\libFusion.a(magnetic.o)
                              ./Sources/tasks_func.o (fInitMagCalibration)
D:/xuser00/Ansoft/XSFK_KL25Z/XSFK_KL25Z/Library\libFusion.a(approximations.o)
                              D:/xuser00/Ansoft/XSFK_KL25Z/XSFK_KL25Z/Library\libFusion.a(baranski_kalman.o) (fasin_deg)
D:/xuser00/Ansoft/XSFK_KL25Z/XSFK_KL25Z/Library\libFusion.a(orientation.o)
                              D:/xuser00/Ansoft/XSFK_KL25Z/XSFK_KL25Z/Library\libFusion.a(baranski_kalman.o) (f3DOFTiltNED)
C:/Appz/Freescale/CW MCU v10.6/MCU/ARM_GCC_Support/ewl/lib/armv6-m\libc.a(sprintf.o)
                              ./Sources/user_tasks.o (sprintf)
C:/Appz/Freescale/CW MCU v10.6/MCU/ARM_GCC_Support/ewl/lib/armv6-m\libc.a(vsnprintf.o)
                              C:/Appz/Freescale/CW MCU v10.6/MCU/ARM_GCC_Support/ewl/lib/armv6-m\libc.a(sprintf.o) (vsnprintf)
C:/Appz/Freescale/CW MCU v10.6/MCU/ARM_GCC_Support/ewl/lib/armv6-m\libc.a(exit.o)
                              ./Project_Settings/Startup_Code/__arm_start.o (exit)
C:/Appz/Freescale/CW MCU v10.6/MCU/ARM_GCC_Support/ewl/lib/armv6-m\libc.a(memcpy.o)
                              C:/Appz/Freescale/CW MCU v10.6/MCU/ARM_GCC_Support/ewl/lib/armv6-m\libc.a(vsnprintf.o) (memcpy)
C:/Appz/Freescale/CW MCU v10.6/MCU/ARM_GCC_Support/ewl/lib/armv6-m\libc.a(memset.o)
                              ./Project_Settings/Startup_Code/__arm_start.o (memset)
C:/Appz/Freescale/CW MCU v10.6/MCU/ARM_GCC_Support/ewl/lib/armv6-m\libc.a(strncmp.o)
                              ./MQXLITE/kernel/task.o (strncmp)
C:/Appz/Freescale/CW MCU v10.6/MCU/ARM_GCC_Support/ewl/lib/armv6-m\libc.a(printformat_fp.o)
                              (__pformatterFP)
C:/Appz/Freescale/CW MCU v10.6/MCU/ARM_GCC_Support/ewl/lib/armv6-m\libc.a(scanformat_fp.o)
                              (__sformatter_FP)
C:/Appz/Freescale/CW MCU v10.6/MCU/ARM_GCC_Support/ewl/lib/armv6-m\libc.a(ctype_aeabi.o)
                              C:/Appz/Freescale/CW MCU v10.6/MCU/ARM_GCC_Support/ewl/lib/armv6-m\libc.a(scanformat_fp.o) (isspace)
C:/Appz/Freescale/CW MCU v10.6/MCU/ARM_GCC_Support/ewl/lib/armv6-m\libc.a(__strtold.o)
                              C:/Appz/Freescale/CW MCU v10.6/MCU/ARM_GCC_Support/ewl/lib/armv6-m\libc.a(scanformat_fp.o) (__strtold)
C:/Appz/Freescale/CW MCU v10.6/MCU/ARM_GCC_Support/ewl/lib/armv6-m\libc.a(vsscanf.o)
                              C:/Appz/Freescale/CW MCU v10.6/MCU/ARM_GCC_Support/ewl/lib/armv6-m\libc.a(__strtold.o) (__StringRead)
C:/Appz/Freescale/CW MCU v10.6/MCU/ARM_GCC_Support/ewl/lib/armv6-m\libc.a(__strtoul.o)
                              C:/Appz/Freescale/CW MCU v10.6/MCU/ARM_GCC_Support/ewl/lib/armv6-m\libc.a(scanformat_fp.o) (__strtoul)
C:/Appz/Freescale/CW MCU v10.6/MCU/ARM_GCC_Support/ewl/lib/armv6-m\libc.a(__filll_mem.o)
                              C:/Appz/Freescale/CW MCU v10.6/MCU/ARM_GCC_Support/ewl/lib/armv6-m\libc.a(memset.o) (__fill_mem)
C:/Appz/Freescale/CW MCU v10.6/MCU/ARM_GCC_Support/ewl/lib/armv6-m\libc.a(memchr.o)
                              C:/Appz/Freescale/CW MCU v10.6/MCU/ARM_GCC_Support/ewl/lib/armv6-m\libc.a(printformat_fp.o) (memchr)
C:/Appz/Freescale/CW MCU v10.6/MCU/ARM_GCC_Support/ewl/lib/armv6-m\libc.a(strchr.o)
                              C:/Appz/Freescale/CW MCU v10.6/MCU/ARM_GCC_Support/ewl/lib/armv6-m\libc.a(printformat_fp.o) (strchr)
C:/Appz/Freescale/CW MCU v10.6/MCU/ARM_GCC_Support/ewl/lib/armv6-m\libc.a(strcpy.o)
                              C:/Appz/Freescale/CW MCU v10.6/MCU/ARM_GCC_Support/ewl/lib/armv6-m\libc.a(printformat_fp.o) (strcpy)
C:/Appz/Freescale/CW MCU v10.6/MCU/ARM_GCC_Support/ewl/lib/armv6-m\libc.a(strlen.o)
                              C:/Appz/Freescale/CW MCU v10.6/MCU/ARM_GCC_Support/ewl/lib/armv6-m\libc.a(printformat_fp.o) (strlen)
C:/Appz/Freescale/CW MCU v10.6/MCU/ARM_GCC_Support/ewl/lib/armv6-m\libc.a(errno.o)
                              C:/Appz/Freescale/CW MCU v10.6/MCU/ARM_GCC_Support/ewl/lib/armv6-m\libc.a(__strtold.o) (errno)
C:/Appz/Freescale/CW MCU v10.6/MCU/ARM_GCC_Support/ewl/lib/armv6-m\libm.a(ansi_fp.o)
                              C:/Appz/Freescale/CW MCU v10.6/MCU/ARM_GCC_Support/ewl/lib/armv6-m\libc.a(printformat_fp.o) (__num2dec)
C:/Appz/Freescale/CW MCU v10.6/MCU/ARM_GCC_Support/ewl/lib/armv6-m\libm.a(float.o)
                              C:/Appz/Freescale/CW MCU v10.6/MCU/ARM_GCC_Support/ewl/lib/armv6-m\libc.a(__strtold.o) (__extended_max)
C:/Appz/Freescale/CW MCU v10.6/MCU/ARM_GCC_Support/ewl/lib/armv6-m\libm.a(math_api.o)
[...]
Memory Configuration

Name             Origin             Length             Attributes
m_interrupts     0x00000000         0x000000c0         xr
m_text           0x00000410         0x0001fbf0         xr
m_data           0x1ffff000         0x00004000         rw
m_cfmprotrom     0x00000400         0x00000010         xr
*default*        0x00000000         0xffffffff

Linker script and memory map

LOAD ./Generated_Code/Vectors.o
LOAD ./Generated_Code/UP.o
LOAD ./Generated_Code/UART.o
LOAD ./Generated_Code/TestPin_MagCal_Time.o
LOAD ./Generated_Code/TestPin_KF_Time.o
LOAD ./Generated_Code/TU1.o
LOAD ./Generated_Code/SystemTimer1.o
LOAD ./Generated_Code/RIGHT.o
LOAD ./Generated_Code/PWM1.o
LOAD ./Generated_Code/PE_LDD.o
LOAD ./Generated_Code/MQX1.o
LOAD ./Generated_Code/LEFT.o
LOAD ./Generated_Code/LED_RED.o
LOAD ./Generated_Code/LED_GREEN.o
LOAD ./Generated_Code/I2C.o
LOAD ./Generated_Code/FTM.o
LOAD ./Generated_Code/DOWN.o
LOAD ./Generated_Code/Cpu.o
LOAD ./Generated_Code/BitIoLdd6.o
LOAD ./Generated_Code/BitIoLdd5.o
LOAD ./Generated_Code/BitIoLdd4.o
LOAD ./Generated_Code/BitIoLdd3.o
LOAD ./Generated_Code/BitIoLdd2.o
LOAD ./Generated_Code/BitIoLdd1.o
LOAD ./Generated_Code/Bit2.o
LOAD ./Generated_Code/Bit1.o
LOAD ./MQXLITE/config/task_template_list.o
LOAD ./MQXLITE/kernel/time_ticks.o
LOAD ./MQXLITE/kernel/task.o
LOAD ./MQXLITE/kernel/sched.o
LOAD ./MQXLITE/kernel/qu_test.o
LOAD ./MQXLITE/kernel/mutex.o
LOAD ./MQXLITE/kernel/mqxlite.o
LOAD ./MQXLITE/kernel/mqx_utils.o
LOAD ./MQXLITE/kernel/lwtimer.o
LOAD ./MQXLITE/kernel/lwsem.o
LOAD ./MQXLITE/kernel/lwmsgq.o
LOAD ./MQXLITE/kernel/lwlog.o
LOAD ./MQXLITE/kernel/lwevent.o
LOAD ./MQXLITE/kernel/klog.o
LOAD ./MQXLITE/kernel/int.o
LOAD ./MQXLITE/kernel/idletask.o
LOAD ./MQXLITE/psp/cortex_m/core/M0/dispatch.o
LOAD ./MQXLITE/psp/cortex_m/core/M0/boot.o
LOAD ./MQXLITE/psp/cortex_m/stack_st.o
LOAD ./MQXLITE/psp/cortex_m/stack_de.o
LOAD ./MQXLITE/psp/cortex_m/stack_bu.o
LOAD ./MQXLITE/psp/cortex_m/sc_irdyq.o
LOAD ./MQXLITE/psp/cortex_m/psp_tisu.o
LOAD ./MQXLITE/psp/cortex_m/psp_tinm.o
LOAD ./MQXLITE/psp/cortex_m/psp_tiad.o
LOAD ./MQXLITE/psp/cortex_m/psp_supp.o
LOAD ./MQXLITE/psp/cortex_m/psp_iinit.o
LOAD ./MQXLITE/psp/cortex_m/mem_zero.o
LOAD ./MQXLITE/psp/cortex_m/int_xcpt.o
LOAD ./MQXLITE/psp/cortex_m/int_vtab.o
LOAD ./MQXLITE/psp/cortex_m/int_unx.o
LOAD ./MQXLITE/psp/cortex_m/int_pvta.o
LOAD ./MQXLITE/psp/cortex_m/int_kisr.o
LOAD ./MQXLITE/psp/cortex_m/int_inst.o
LOAD ./MQXLITE/psp/cortex_m/int_gkis.o
LOAD ./MQXLITE/psp/cortex_m/cortex.o
LOAD ./Project_Settings/Startup_Code/__arm_start.o
LOAD ./Project_Settings/Startup_Code/__arm_end.o
LOAD ./Sources/user_tasks.o
LOAD ./Sources/tasks_func.o
LOAD ./Sources/sa_mtb.o
LOAD ./Sources/mqx_tasks.o
LOAD ./Sources/main.o
LOAD ./Sources/FSL_utils.o
LOAD ./Sources/Events.o
                0x00013e40                __pformatter = __pformatterFP
                0x00014698                __sformatter = __sformatter_FP
LOAD D:/xuser00/Ansoft/XSFK_KL25Z/XSFK_KL25Z/Library\libFusion.a
START GROUP
LOAD C:/Appz/Freescale/CW MCU v10.6/MCU/ARM_GCC_Support/ewl/lib/armv6-m\libc.a
LOAD C:/Appz/Freescale/CW MCU v10.6/MCU/ARM_GCC_Support/ewl/lib/armv6-m\libm.a
LOAD c:/appz/freescale/cw mcu v10.6/cross_tools/arm-none-eabi-gcc-4_7_3/bin/../lib/gcc/arm-none-eabi/4.7.3/armv6-m\libgcc.a
LOAD C:/Appz/Freescale/CW MCU v10.6/MCU/ARM_GCC_Support/ewl/lib/armv6-m\librt.a
LOAD C:/Appz/Freescale/CW MCU v10.6/MCU/ARM_GCC_Support/ewl/lib/armv6-m\libhosted.a
END GROUP
                0x20003000                _estack = 0x20003000
                0x20003000                __SP_INIT = _estack
                0x00000000                __heap_size = 0x0
                0x00000400                __stack_size = 0x400

.interrupts     0x00000000       0xc0
                0x00000000                __vector_table = .
                0x00000000                . = ALIGN (0x4)
 *(.vectortable)
 .vectortable   0x00000000       0xc0 ./Generated_Code/Vectors.o
                0x00000000                __vect_table
                0x000000c0                . = ALIGN (0x4)

.cfmprotect     0x00000400       0x10
                0x00000400                . = ALIGN (0x4)
 *(.cfmconfig)
 .cfmconfig     0x00000400       0x10 ./Generated_Code/Cpu.o
                0x00000400                _cfm
                0x00000410                . = ALIGN (0x4)

.text           0x00000410    0x18d04
                0x00000410                . = ALIGN (0x4)
 *(.text)
 .text          0x00000410       0x34 ./MQXLITE/psp/cortex_m/core/M0/boot.o
                0x00000410                __boot
 .text          0x00000444       0x14 c:/appz/freescale/cw mcu v10.6/cross_tools/arm-none-eabi-gcc-4_7_3/bin/../lib/gcc/arm-none-eabi/4.7.3/armv6-m\libgcc.a(_thumb1_case_sqi.o)
                0x00000444                __gnu_thumb1_case_sqi
 .text          0x00000458       0x14 c:/appz/freescale/cw mcu v10.6/cross_tools/arm-none-eabi-gcc-4_7_3/bin/../lib/gcc/arm-none-eabi/4.7.3/armv6-m\libgcc.a(_thumb1_case_uqi.o)
                0x00000458                __gnu_thumb1_case_uqi
 .text          0x0000046c       0x9c c:/appz/freescale/cw mcu v10.6/cross_tools/arm-none-eabi-gcc-4_7_3/bin/../lib/gcc/arm-none-eabi/4.7.3/armv6-m\libgcc.a(_udivsi3.o)
                0x0000046c                __aeabi_uidiv
                0x0000046c                __udivsi3
                0x000004f4                __aeabi_uidivmod
 .text          0x00000508       0xc0 c:/appz/freescale/cw mcu v10.6/cross_tools/arm-none-eabi-gcc-4_7_3/bin/../lib/gcc/arm-none-eabi/4.7.3/armv6-m\libgcc.a(_divsi3.o)
                0x00000508                __divsi3
                0x00000508                __aeabi_idiv
                0x000005b4                __aeabi_idivmod
 .text          0x000005c8        0x4 c:/appz/freescale/cw mcu v10.6/cross_tools/arm-none-eabi-gcc-4_7_3/bin/../lib/gcc/arm-none-eabi/4.7.3/armv6-m\libgcc.a(_dvmd_tls.o)
                0x000005c8                __aeabi_idiv0
                0x000005c8                __aeabi_ldiv0
 .text          0x000005cc       0x7c c:/appz/freescale/cw mcu v10.6/cross_tools/arm-none-eabi-gcc-4_7_3/bin/../lib/gcc/arm-none-eabi/4.7.3/armv6-m\libgcc.a(_arm_cmpdf2.o)
                0x000005cc                __aeabi_cdrcmple
                0x000005dc                __aeabi_cdcmple
                0x000005dc                __aeabi_cdcmpeq
                0x000005ec                __aeabi_dcmpeq
                0x000005f8                __aeabi_dcmplt
                0x0000060c                __aeabi_dcmple
                0x00000620                __aeabi_dcmpgt
                0x00000634                __aeabi_dcmpge
 .text          0x00000648       0x74 c:/appz/freescale/cw mcu v10.6/cross_tools/arm-none-eabi-gcc-4_7_3/bin/../lib/gcc/arm-none-eabi/4.7.3/armv6-m\libgcc.a(_arm_cmpsf2.o)
                0x00000648                __aeabi_cfrcmple
                0x00000650                __aeabi_cfcmpeq
                0x00000650                __aeabi_cfcmple
                0x00000660                __aeabi_fcmpeq
                0x0000066c                __aeabi_fcmplt
                0x00000680                __aeabi_fcmple
                0x00000694                __aeabi_fcmpgt
                0x000006a8                __aeabi_fcmpge
 .text          0x000006bc      0x3a4 c:/appz/freescale/cw mcu v10.6/cross_tools/arm-none-eabi-gcc-4_7_3/bin/../lib/gcc/arm-none-eabi/4.7.3/armv6-m\libgcc.a(addsf3.o)
                0x000006bc                __aeabi_fadd
 .text          0x00000a60      0x274 c:/appz/freescale/cw mcu v10.6/cross_tools/arm-none-eabi-gcc-4_7_3/bin/../lib/gcc/arm-none-eabi/4.7.3/armv6-m\libgcc.a(divsf3.o)
                0x00000a60                __aeabi_fdiv
 .text          0x00000cd4       0x50 c:/appz/freescale/cw mcu v10.6/cross_tools/arm-none-eabi-gcc-4_7_3/bin/../lib/gcc/arm-none-eabi/4.7.3/armv6-m\libgcc.a(eqsf2.o)
                0x00000cd4                __eqsf2
                0x00000cd4                __nesf2
 .text          0x00000d24       0x90 c:/appz/freescale/cw mcu v10.6/cross_tools/arm-none-eabi-gcc-4_7_3/bin/../lib/gcc/arm-none-eabi/4.7.3/armv6-m\libgcc.a(gesf2.o)
                0x00000d24                __gesf2
                0x00000d24                __gtsf2
 .text          0x00000db4       0x90 c:/appz/freescale/cw mcu v10.6/cross_tools/arm-none-eabi-gcc-4_7_3/bin/../lib/gcc/arm-none-eabi/4.7.3/armv6-m\libgcc.a(lesf2.o)
                0x00000db4                __ltsf2
                0x00000db4                __lesf2
 .text          0x00000e44      0x260 c:/appz/freescale/cw mcu v10.6/cross_tools/arm-none-eabi-gcc-4_7_3/bin/../lib/gcc/arm-none-eabi/4.7.3/armv6-m\libgcc.a(mulsf3.o)
                0x00000e44                __aeabi_fmul
 .text          0x000010a4      0x3ac c:/appz/freescale/cw mcu v10.6/cross_tools/arm-none-eabi-gcc-4_7_3/bin/../lib/gcc/arm-none-eabi/4.7.3/armv6-m\libgcc.a(subsf3.o)
                0x000010a4                __aeabi_fsub
 .text          0x00001450       0x40 c:/appz/freescale/cw mcu v10.6/cross_tools/arm-none-eabi-gcc-4_7_3/bin/../lib/gcc/arm-none-eabi/4.7.3/armv6-m\libgcc.a(fixsfsi.o)
                0x00001450                __aeabi_f2iz
 .text          0x00001490       0xa8 c:/appz/freescale/cw mcu v10.6/cross_tools/arm-none-eabi-gcc-4_7_3/bin/../lib/gcc/arm-none-eabi/4.7.3/armv6-m\libgcc.a(floatsisf.o)
                0x00001490                __aeabi_i2f
 .text          0x00001538      0x758 c:/appz/freescale/cw mcu v10.6/cross_tools/arm-none-eabi-gcc-4_7_3/bin/../lib/gcc/arm-none-eabi/4.7.3/armv6-m\libgcc.a(adddf3.o)
                0x00001538                __aeabi_dadd
 .text          0x00001c90      0x5b8 c:/appz/freescale/cw mcu v10.6/cross_tools/arm-none-eabi-gcc-4_7_3/bin/../lib/gcc/arm-none-eabi/4.7.3/armv6-m\libgcc.a(divdf3.o)
                0x00001c90                __aeabi_ddiv
 .text          0x00002248       0x7c c:/appz/freescale/cw mcu v10.6/cross_tools/arm-none-eabi-gcc-4_7_3/bin/../lib/gcc/arm-none-eabi/4.7.3/armv6-m\libgcc.a(eqdf2.o)
                0x00002248                __nedf2
                0x00002248                __eqdf2
 .text          0x000022c4       0xe8 c:/appz/freescale/cw mcu v10.6/cross_tools/arm-none-eabi-gcc-4_7_3/bin/../lib/gcc/arm-none-eabi/4.7.3/armv6-m\libgcc.a(gedf2.o)
                0x000022c4                __gedf2
                0x000022c4                __gtdf2
 .text          0x000023ac       0xd8 c:/appz/freescale/cw mcu v10.6/cross_tools/arm-none-eabi-gcc-4_7_3/bin/../lib/gcc/arm-none-eabi/4.7.3/armv6-m\libgcc.a(ledf2.o)
                0x000023ac                __ledf2
                0x000023ac                __ltdf2
 .text          0x00002484      0x4e4 c:/appz/freescale/cw mcu v10.6/cross_tools/arm-none-eabi-gcc-4_7_3/bin/../lib/gcc/arm-none-eabi/4.7.3/armv6-m\libgcc.a(muldf3.o)
                0x00002484                __aeabi_dmul
 .text          0x00002968      0x6f8 c:/appz/freescale/cw mcu v10.6/cross_tools/arm-none-eabi-gcc-4_7_3/bin/../lib/gcc/arm-none-eabi/4.7.3/armv6-m\libgcc.a(subdf3.o)
                0x00002968                __aeabi_dsub
 .text          0x00003060       0x68 c:/appz/freescale/cw mcu v10.6/cross_tools/arm-none-eabi-gcc-4_7_3/bin/../lib/gcc/arm-none-eabi/4.7.3/armv6-m\libgcc.a(fixdfsi.o)
                0x00003060                __aeabi_d2iz
 .text          0x000030c8       0x74 c:/appz/freescale/cw mcu v10.6/cross_tools/arm-none-eabi-gcc-4_7_3/bin/../lib/gcc/arm-none-eabi/4.7.3/armv6-m\libgcc.a(floatsidf.o)
                0x000030c8                __aeabi_i2d
 .text          0x0000313c       0xa8 c:/appz/freescale/cw mcu v10.6/cross_tools/arm-none-eabi-gcc-4_7_3/bin/../lib/gcc/arm-none-eabi/4.7.3/armv6-m\libgcc.a(extendsfdf2.o)
                0x0000313c                __aeabi_f2d
 .text          0x000031e4      0x134 c:/appz/freescale/cw mcu v10.6/cross_tools/arm-none-eabi-gcc-4_7_3/bin/../lib/gcc/arm-none-eabi/4.7.3/armv6-m\libgcc.a(truncdfsf2.o)
                0x000031e4                __aeabi_d2f
 .text          0x00003318       0x3c c:/appz/freescale/cw mcu v10.6/cross_tools/arm-none-eabi-gcc-4_7_3/bin/../lib/gcc/arm-none-eabi/4.7.3/armv6-m\libgcc.a(_clzsi2.o)
                0x00003318                __clzsi2
 *(.text*)
 .text.UART_Interrupt
                0x00003354       0xcc ./Generated_Code/UART.o
                0x00003354                UART_Interrupt
 .text.UART_Init
                0x00003420      0x108 ./Generated_Code/UART.o
                0x00003420                UART_Init
 .text.UART_ReceiveBlock
                0x00003528       0x2c ./Generated_Code/UART.o
                0x00003528                UART_ReceiveBlock
 .text.UART_SendBlock
                0x00003554       0x44 ./Generated_Code/UART.o
                0x00003554                UART_SendBlock
 .text.TestPin_MagCal_Time_Init
                0x00003598       0x48 ./Generated_Code/TestPin_MagCal_Time.o
                0x00003598                TestPin_MagCal_Time_Init
 .text.TestPin_MagCal_Time_ClrVal
                0x000035e0       0x10 ./Generated_Code/TestPin_MagCal_Time.o
                0x000035e0                TestPin_MagCal_Time_ClrVal
 .text.TestPin_MagCal_Time_SetVal
                0x000035f0       0x10 ./Generated_Code/TestPin_MagCal_Time.o
                0x000035f0                TestPin_MagCal_Time_SetVal
 .text.TestPin_KF_Time_Init
                0x00003600       0x48 ./Generated_Code/TestPin_KF_Time.o
                0x00003600                TestPin_KF_Time_Init
 .text.TestPin_KF_Time_ClrVal
                0x00003648       0x10 ./Generated_Code/TestPin_KF_Time.o
                0x00003648                TestPin_KF_Time_ClrVal
 .text.TestPin_KF_Time_SetVal
                0x00003658       0x10 ./Generated_Code/TestPin_KF_Time.o
                0x00003658                TestPin_KF_Time_SetVal
 .text.TU1_Init
                0x00003668       0x88 ./Generated_Code/TU1.o
                0x00003668                TU1_Init
 .text.TU1_GetPeriodTicks
                0x000036f0       0x10 ./Generated_Code/TU1.o
                0x000036f0                TU1_GetPeriodTicks
 .text.TU1_SetOffsetTicks
                0x00003700       0x18 ./Generated_Code/TU1.o
                0x00003700                TU1_SetOffsetTicks
 .text.SystemTimer1_Interrupt
                0x00003718       0x1c ./Generated_Code/SystemTimer1.o
                0x00003718                SystemTimer1_Interrupt
 .text.SystemTimer1_Init
                0x00003734       0x60 ./Generated_Code/SystemTimer1.o
                0x00003734                SystemTimer1_Init
 .text.SystemTimer1_Enable
                0x00003794       0x14 ./Generated_Code/SystemTimer1.o
                0x00003794                SystemTimer1_Enable
 .text.SystemTimer1_GetInputFrequency
                0x000037a8        0x8 ./Generated_Code/SystemTimer1.o
                0x000037a8                SystemTimer1_GetInputFrequency
 .text.SystemTimer1_GetPeriodTicks
                0x000037b0       0x14 ./Generated_Code/SystemTimer1.o
                0x000037b0                SystemTimer1_GetPeriodTicks
 .text.SystemTimer1_GetCounterValue
                0x000037c4        0xc ./Generated_Code/SystemTimer1.o
                0x000037c4                SystemTimer1_GetCounterValue
 .text.PWM1_Init
                0x000037d0       0x38 ./Generated_Code/PWM1.o
                0x000037d0                PWM1_Init
 .text.PWM1_SetRatio16
                0x00003808       0x34 ./Generated_Code/PWM1.o
                0x00003808                PWM1_SetRatio16
 .text.SystemTimer1_OnCounterRestart
                0x0000383c        0x8 ./Generated_Code/MQX1.o
                0x0000383c                SystemTimer1_OnCounterRestart
 .text.SystemTimer1_GetTicsPerSecond
                0x00003844       0x1c ./Generated_Code/MQX1.o
                0x00003844                SystemTimer1_GetTicsPerSecond
 .text.LED_RED_Init
                0x00003860       0x44 ./Generated_Code/LED_RED.o
                0x00003860                LED_RED_Init
 .text.LED_RED_SetVal
                0x000038a4       0x10 ./Generated_Code/LED_RED.o
                0x000038a4                LED_RED_SetVal
 .text.LED_GREEN_Init
                0x000038b4       0x44 ./Generated_Code/LED_GREEN.o
                0x000038b4                LED_GREEN_Init
 .text.LED_GREEN_SetVal
                0x000038f8       0x10 ./Generated_Code/LED_GREEN.o
                0x000038f8                LED_GREEN_SetVal
 .text.I2C_Interrupt
                0x00003908      0x164 ./Generated_Code/I2C.o
                0x00003908                I2C_Interrupt
 .text.I2C_Init
                0x00003a6c       0xc8 ./Generated_Code/I2C.o
                0x00003a6c                I2C_Init
 .text.I2C_MasterSendBlock
                0x00003b34       0xb0 ./Generated_Code/I2C.o
                0x00003b34                I2C_MasterSendBlock
 .text.I2C_MasterReceiveBlock
                0x00003be4       0xb0 ./Generated_Code/I2C.o
                0x00003be4                I2C_MasterReceiveBlock
 .text.I2C_SelectSlaveDevice
                0x00003c94       0x6c ./Generated_Code/I2C.o
                0x00003c94                I2C_SelectSlaveDevice
 .text.I2C_GetError
                0x00003d00       0x1c ./Generated_Code/I2C.o
                0x00003d00                I2C_GetError
 .text.I2C_CheckBus
                0x00003d1c       0x18 ./Generated_Code/I2C.o
                0x00003d1c                I2C_CheckBus
 .text.FTM_Interrupt
                0x00003d34       0x18 ./Generated_Code/FTM.o
                0x00003d34                FTM_Interrupt
 .text.FTM_Init
                0x00003d4c       0x7c ./Generated_Code/FTM.o
                0x00003d4c                FTM_Init
 .text.FTM_SetPeriodTicks
                0x00003dc8       0x24 ./Generated_Code/FTM.o
                0x00003dc8                FTM_SetPeriodTicks
 .text.Cpu_INT_NMIInterrupt
                0x00003dec        0x8 ./Generated_Code/Cpu.o
                0x00003dec                Cpu_INT_NMIInterrupt
 .text.Cpu_Interrupt
                0x00003df4        0x4 ./Generated_Code/Cpu.o
                0x00003df4                Cpu_Interrupt
 .text.__init_hardware
                0x00003df8      0x114 ./Generated_Code/Cpu.o
                0x00003df8                __init_hardware
 .text.PE_low_level_init
                0x00003f0c      0x10c ./Generated_Code/Cpu.o
                0x00003f0c                PE_low_level_init
 .text.BitIoLdd6_Init
                0x00004018       0x40 ./Generated_Code/BitIoLdd6.o
                0x00004018                BitIoLdd6_Init
 .text.BitIoLdd6_ClrVal
                0x00004058        0xc ./Generated_Code/BitIoLdd6.o
                0x00004058                BitIoLdd6_ClrVal
 .text.BitIoLdd6_SetVal
                0x00004064        0xc ./Generated_Code/BitIoLdd6.o
                0x00004064                BitIoLdd6_SetVal
 .text.BitIoLdd5_Init
                0x00004070       0x40 ./Generated_Code/BitIoLdd5.o
                0x00004070                BitIoLdd5_Init
 .text.BitIoLdd5_ClrVal
                0x000040b0        0xc ./Generated_Code/BitIoLdd5.o
                0x000040b0                BitIoLdd5_ClrVal
 .text.BitIoLdd5_SetVal
                0x000040bc        0xc ./Generated_Code/BitIoLdd5.o
                0x000040bc                BitIoLdd5_SetVal
 .text.BitIoLdd4_Init
                0x000040c8       0x40 ./Generated_Code/BitIoLdd4.o
                0x000040c8                BitIoLdd4_Init
 .text.BitIoLdd3_Init
                0x00004108       0x40 ./Generated_Code/BitIoLdd3.o
                0x00004108                BitIoLdd3_Init
 .text.BitIoLdd2_Init
                0x00004148       0x40 ./Generated_Code/BitIoLdd2.o
                0x00004148                BitIoLdd2_Init
 .text.BitIoLdd1_Init
                0x00004188       0x44 ./Generated_Code/BitIoLdd1.o
                0x00004188                BitIoLdd1_Init
 .text.BitIoLdd1_GetVal
                0x000041cc       0x24 ./Generated_Code/BitIoLdd1.o
                0x000041cc                BitIoLdd1_GetVal
 .text._time_delay_for
                0x000041f0       0xfc ./MQXLITE/kernel/time_ticks.o
                0x000041f0                _time_delay_for
 .text._time_delay_until
                0x000042ec       0xf0 ./MQXLITE/kernel/time_ticks.o
                0x000042ec                _time_delay_until
 .text._time_notify_kernel
                0x000043dc      0x144 ./MQXLITE/kernel/time_ticks.o
                0x000043dc                _time_notify_kernel
 .text._time_set_hwtick_function
                0x00004520       0x18 ./MQXLITE/kernel/time_ticks.o
                0x00004520                _time_set_hwtick_function
 .text._task_destroy_internal
                0x00004538      0x298 ./MQXLITE/kernel/task.o
                0x00004538                _task_destroy_internal
 .text._task_exit_function_internal
                0x000047d0       0x20 ./MQXLITE/kernel/task.o
                0x000047d0                _task_exit_function_internal
 .text._task_destroy
                0x000047f0        0xc ./MQXLITE/kernel/task.o
                0x000047f0                _task_destroy
 .text._task_set_error
                0x000047fc       0x34 ./MQXLITE/kernel/task.o
                0x000047fc                _task_set_error
 .text._task_init_internal
                0x00004830      0x2b4 ./MQXLITE/kernel/task.o
                0x00004830                _task_init_internal
 .text._task_create_at
                0x00004ae4      0x158 ./MQXLITE/kernel/task.o
                0x00004ae4                _task_create_at
 .text._task_fill_stack_internal
                0x00004c3c       0x34 ./MQXLITE/kernel/task.o
                0x00004c3c                _task_fill_stack_internal
 .text._task_ready_internal
                0x00004c70       0x28 ./MQXLITE/kernel/task.o
                0x00004c70                _task_ready_internal
 .text._task_set_error_td_internal
                0x00004c98       0x14 ./MQXLITE/kernel/task.o
                0x00004c98                _task_set_error_td_internal
 .text._mqxlite_init
                0x00004cac       0xe8 ./MQXLITE/kernel/mqxlite.o
                0x00004cac                _mqxlite_init
 .text._mqx_exit
                0x00004d94       0x30 ./MQXLITE/kernel/mqxlite.o
                0x00004d94                _mqx_exit
 .text._mqxlite
                0x00004dc4       0xb8 ./MQXLITE/kernel/mqxlite.o
                0x00004dc4                _mqxlite
 .text._mqx_set_cpu_type
                0x00004e7c        0xc ./MQXLITE/kernel/mqx_utils.o
                0x00004e7c                _mqx_set_cpu_type
 .text._mqx_init_kernel_data_internal
                0x00004e88      0x130 ./MQXLITE/kernel/mqx_utils.o
                0x00004e88                _mqx_init_kernel_data_internal
 .text._lwsem_create
                0x00004fb8       0x60 ./MQXLITE/kernel/lwsem.o
                0x00004fb8                _lwsem_create
 .text._lwsem_post
                0x00005018       0xb0 ./MQXLITE/kernel/lwsem.o
                0x00005018                _lwsem_post
 .text._lwsem_wait
                0x000050c8       0x94 ./MQXLITE/kernel/lwsem.o
                0x000050c8                _lwsem_wait
 .text._lwevent_create
                0x0000515c       0x80 ./MQXLITE/kernel/lwevent.o
                0x0000515c                _lwevent_create
 .text._lwevent_set
                0x000051dc      0x120 ./MQXLITE/kernel/lwevent.o
                0x000051dc                _lwevent_set
 .text._lwevent_wait_internal
                0x000052fc      0x104 ./MQXLITE/kernel/lwevent.o
                0x000052fc                _lwevent_wait_internal
 .text._lwevent_wait_for
                0x00005400       0x10 ./MQXLITE/kernel/lwevent.o
                0x00005400                _lwevent_wait_for
 .text._int_default_isr
                0x00005410       0x4c ./MQXLITE/kernel/int.o
                0x00005410                _int_default_isr
 .text._int_disable
                0x0000545c       0x1c ./MQXLITE/kernel/int.o
                0x0000545c                _int_disable
 .text._int_enable
                0x00005478       0x20 ./MQXLITE/kernel/int.o
                0x00005478                _int_enable
 .text._int_get_isr_data
                0x00005498       0x40 ./MQXLITE/kernel/int.o
                0x00005498                _int_get_isr_data
 .text._int_install_isr
                0x000054d8       0x60 ./MQXLITE/kernel/int.o
                0x000054d8                _int_install_isr
 .text._int_init
                0x00005538       0x70 ./MQXLITE/kernel/int.o
                0x00005538                _int_init
 .text._mqx_idle_task
                0x000055a8       0x1c ./MQXLITE/kernel/idletask.o
                0x000055a8                _mqx_idle_task
 .text._psp_destroy_stack_frame
                0x000055c4        0x4 ./MQXLITE/psp/cortex_m/stack_de.o
                0x000055c4                _psp_destroy_stack_frame
 .text._psp_build_stack_frame
                0x000055c8       0x44 ./MQXLITE/psp/cortex_m/stack_bu.o
                0x000055c8                _psp_build_stack_frame
 .text._psp_set_kernel_disable_level
                0x0000560c       0x78 ./MQXLITE/psp/cortex_m/sc_irdyq.o
                0x0000560c                _psp_set_kernel_disable_level
 .text._psp_init_readyqs
                0x00005684       0xf4 ./MQXLITE/psp/cortex_m/sc_irdyq.o
                0x00005684                _psp_init_readyqs
 .text._psp_normalize_ticks
                0x00005778       0x3c ./MQXLITE/psp/cortex_m/psp_tinm.o
                0x00005778                _psp_normalize_ticks
 .text._psp_add_ticks
                0x000057b4       0x40 ./MQXLITE/psp/cortex_m/psp_tiad.o
                0x000057b4                _psp_add_ticks
 .text._psp_int_init
                0x000057f4       0x14 ./MQXLITE/psp/cortex_m/psp_iinit.o
                0x000057f4                _psp_int_init
 .text._mem_zero
                0x00005808      0x130 ./MQXLITE/psp/cortex_m/mem_zero.o
                0x00005808                _mem_zero
 .text._int_set_vector_table
                0x00005938       0x20 ./MQXLITE/psp/cortex_m/int_vtab.o
                0x00005938                _int_set_vector_table
 .text._int_get_vector_table
                0x00005958       0x10 ./MQXLITE/psp/cortex_m/int_vtab.o
                0x00005958                _int_get_vector_table
 .text._psp_int_install
                0x00005968       0x14 ./MQXLITE/psp/cortex_m/int_inst.o
                0x00005968                _psp_int_install
 .text.__thumb_startup
                0x0000597c       0x3c ./Project_Settings/Startup_Code/__arm_start.o
                0x0000597c                __thumb_startup
 .text._ExitProcess
                0x000059b8        0x8 ./Project_Settings/Startup_Code/__arm_end.o
                0x000059b8                _ExitProcess
 .text.UserStartup
                0x000059c0       0x18 ./Sources/user_tasks.o
                0x000059c0                UserStartup
 .text.UserHighFrequencyTaskInit
                0x000059d8        0x4 ./Sources/user_tasks.o
                0x000059d8                UserHighFrequencyTaskInit
 .text.UserMediumFrequencyTaskInit
                0x000059dc       0x10 ./Sources/user_tasks.o
                0x000059dc                UserMediumFrequencyTaskInit
 .text.UserHighFrequencyTaskRun
                0x000059ec      0x164 ./Sources/user_tasks.o
                0x000059ec                UserHighFrequencyTaskRun
 .text.UserMediumFrequencyTaskRun
                0x00005b50       0x50 ./Sources/user_tasks.o
                0x00005b50                UserMediumFrequencyTaskRun
 .text.RdSensData_Init
                0x00005ba0       0x58 ./Sources/tasks_func.o
                0x00005ba0                RdSensData_Init
 .text.Fusion_Init
                0x00005bf8       0x98 ./Sources/tasks_func.o
                0x00005bf8                Fusion_Init
 .text.RdSensData_Run
                0x00005c90      0x32c ./Sources/tasks_func.o
                0x00005c90                RdSensData_Run
 .text.Fusion_Run
                0x00005fbc      0x2ec ./Sources/tasks_func.o
                0x00005fbc                Fusion_Run
 .text.MagCal_Run
                0x000062a8      0x11c ./Sources/tasks_func.o
                0x000062a8                MagCal_Run
 .text.Main_task
                0x000063c4       0xac ./Sources/mqx_tasks.o
                0x000063c4                Main_task
 .text.RdSensData_task
                0x00006470       0x40 ./Sources/mqx_tasks.o
                0x00006470                RdSensData_task
 .text.Fusion_task
                0x000064b0       0x50 ./Sources/mqx_tasks.o
                0x000064b0                Fusion_task
 .text.MagCal_task
                0x00006500       0x38 ./Sources/mqx_tasks.o
                0x00006500                MagCal_task
 .text.startup.main
                0x00006538        0xc ./Sources/main.o
                0x00006538                main
 .text.MPL3115_Init
                0x00006544       0xcc ./Sources/FSL_utils.o
                0x00006544                MPL3115_Init
 .text.FXOS8700_Init
                0x00006610      0x184 ./Sources/FSL_utils.o
                0x00006610                FXOS8700_Init
 .text.FXAS21000_Init
                0x00006794       0xd4 ./Sources/FSL_utils.o
                0x00006794                FXAS21000_Init
 .text.MPL3115_ReadData
                0x00006868       0x90 ./Sources/FSL_utils.o
                0x00006868                MPL3115_ReadData
 .text.FXOS8700_ReadData
                0x000068f8      0x128 ./Sources/FSL_utils.o
                0x000068f8                FXOS8700_ReadData
 .text.FXAS21000_ReadData
                0x00006a20       0xec ./Sources/FSL_utils.o
                0x00006a20                FXAS21000_ReadData
 .text.Cpu_OnNMIINT
                0x00006b0c        0x4 ./Sources/Events.o
                0x00006b0c                Cpu_OnNMIINT
 .text.FTM_OnCounterRestart
                0x00006b10       0x1c ./Sources/Events.o
                0x00006b10                FTM_OnCounterRestart
 .text.UART_OnBlockSent
                0x00006b2c        0x4 ./Sources/Events.o
                0x00006b2c                UART_OnBlockSent
 .text.I2C_OnMasterBlockSent
                0x00006b30       0x14 ./Sources/Events.o
                0x00006b30                I2C_OnMasterBlockSent
 .text.I2C_OnMasterBlockReceived
                0x00006b44       0x14 ./Sources/Events.o
                0x00006b44                I2C_OnMasterBlockReceived
 .text.UART_OnTxComplete
                0x00006b58        0x4 ./Sources/Events.o
                0x00006b58                UART_OnTxComplete
 .text.UART_OnBlockReceived
                0x00006b5c      0x170 ./Sources/Events.o
                0x00006b5c                UART_OnBlockReceived
 .text.fInit_1DOF_P_BASIC
                0x00006ccc       0x40 D:/xuser00/Ansoft/XSFK_KL25Z/XSFK_KL25Z/Library\libFusion.a(baranski_kalman.o)
                0x00006ccc                fInit_1DOF_P_BASIC
 .text.fInit_3DOF_G_BASIC
                0x00006d0c       0x44 D:/xuser00/Ansoft/XSFK_KL25Z/XSFK_KL25Z/Library\libFusion.a(baranski_kalman.o)
                0x00006d0c                fInit_3DOF_G_BASIC
 .text.fInit_3DOF_B_BASIC
                0x00006d50       0x44 D:/xuser00/Ansoft/XSFK_KL25Z/XSFK_KL25Z/Library\libFusion.a(baranski_kalman.o)
                0x00006d50                fInit_3DOF_B_BASIC
 .text.fInit_3DOF_Y_BASIC
                0x00006d94       0x3c D:/xuser00/Ansoft/XSFK_KL25Z/XSFK_KL25Z/Library\libFusion.a(baranski_kalman.o)
                0x00006d94                fInit_3DOF_Y_BASIC
 .text.fInit_6DOF_GB_BASIC
                0x00006dd0       0x44 D:/xuser00/Ansoft/XSFK_KL25Z/XSFK_KL25Z/Library\libFusion.a(baranski_kalman.o)
                0x00006dd0                fInit_6DOF_GB_BASIC
 .text.fInit_6DOF_GY_KALMAN
                0x00006e14      0x36c D:/xuser00/Ansoft/XSFK_KL25Z/XSFK_KL25Z/Library\libFusion.a(baranski_kalman.o)
                0x00006e14                fInit_6DOF_GY_KALMAN
 .text.fInit_9DOF_GBY_KALMAN
                0x00007180      0x664 D:/xuser00/Ansoft/XSFK_KL25Z/XSFK_KL25Z/Library\libFusion.a(baranski_kalman.o)
                0x00007180                fInit_9DOF_GBY_KALMAN
 .text.fRun_1DOF_P_BASIC
                0x000077e4       0x28 D:/xuser00/Ansoft/XSFK_KL25Z/XSFK_KL25Z/Library\libFusion.a(baranski_kalman.o)
                0x000077e4                fRun_1DOF_P_BASIC
 .text.fRun_3DOF_G_BASIC
                0x0000780c      0x130 D:/xuser00/Ansoft/XSFK_KL25Z/XSFK_KL25Z/Library\libFusion.a(baranski_kalman.o)
                0x0000780c                fRun_3DOF_G_BASIC
 .text.fRun_3DOF_B_BASIC
                0x0000793c      0x130 D:/xuser00/Ansoft/XSFK_KL25Z/XSFK_KL25Z/Library\libFusion.a(baranski_kalman.o)
                0x0000793c                fRun_3DOF_B_BASIC
 .text.fRun_3DOF_Y_BASIC
                0x00007a6c      0x144 D:/xuser00/Ansoft/XSFK_KL25Z/XSFK_KL25Z/Library\libFusion.a(baranski_kalman.o)
                0x00007a6c                fRun_3DOF_Y_BASIC
 .text.security_check
                0x00007bb0      0x198 D:/xuser00/Ansoft/XSFK_KL25Z/XSFK_KL25Z/Library\libFusion.a(baranski_kalman.o)
                0x00007bb0                security_check
 .text.fRun_9DOF_GBY_KALMAN
                0x00007d48     0x3da4 D:/xuser00/Ansoft/XSFK_KL25Z/XSFK_KL25Z/Library\libFusion.a(baranski_kalman.o)
                0x00007d48                fRun_9DOF_GBY_KALMAN
 .text.fRun_6DOF_GY_KALMAN
                0x0000baec     0x26b8 D:/xuser00/Ansoft/XSFK_KL25Z/XSFK_KL25Z/Library\libFusion.a(baranski_kalman.o)
                0x0000baec                fRun_6DOF_GY_KALMAN
 .text.fRun_6DOF_GB_BASIC
                0x0000e1a4      0x19c D:/xuser00/Ansoft/XSFK_KL25Z/XSFK_KL25Z/Library\libFusion.a(baranski_kalman.o)
                0x0000e1a4                fRun_6DOF_GB_BASIC
 .text.f3x3matrixAeqI
                0x0000e340       0x1c D:/xuser00/Ansoft/XSFK_KL25Z/XSFK_KL25Z/Library\libFusion.a(matrix.o)
                0x0000e340                f3x3matrixAeqI
 .text.f3x3matrixAeqScalar
                0x0000e35c       0x14 D:/xuser00/Ansoft/XSFK_KL25Z/XSFK_KL25Z/Library\libFusion.a(matrix.o)
                0x0000e35c                f3x3matrixAeqScalar
 .text.f3x3matrixAeqAxScalar
                0x0000e370       0x60 D:/xuser00/Ansoft/XSFK_KL25Z/XSFK_KL25Z/Library\libFusion.a(matrix.o)
                0x0000e370                f3x3matrixAeqAxScalar
 .text.f3x3matrixAeqMinusA
                0x0000e3d0       0x3c D:/xuser00/Ansoft/XSFK_KL25Z/XSFK_KL25Z/Library\libFusion.a(matrix.o)
                0x0000e3d0                f3x3matrixAeqMinusA
 .text.f3x3matrixAeqInvSymB
                0x0000e40c      0x178 D:/xuser00/Ansoft/XSFK_KL25Z/XSFK_KL25Z/Library\libFusion.a(matrix.o)
                0x0000e40c                f3x3matrixAeqInvSymB
 .text.f3x3matrixDetA
                0x0000e584       0xa0 D:/xuser00/Ansoft/XSFK_KL25Z/XSFK_KL25Z/Library\libFusion.a(matrix.o)
                0x0000e584                f3x3matrixDetA
 *fill*         0x0000e624        0x4 00
 .text.eigencompute
                0x0000e628      0x738 D:/xuser00/Ansoft/XSFK_KL25Z/XSFK_KL25Z/Library\libFusion.a(matrix.o)
                0x0000e628                eigencompute
 .text.fmatrixAeqInvA
                0x0000ed60      0x548 D:/xuser00/Ansoft/XSFK_KL25Z/XSFK_KL25Z/Library\libFusion.a(matrix.o)
                0x0000ed60                fmatrixAeqInvA
 .text.fInitMagCalibration
                0x0000f2a8      0x114 D:/xuser00/Ansoft/XSFK_KL25Z/XSFK_KL25Z/Library\libFusion.a(magnetic.o)
                0x0000f2a8                fInitMagCalibration
 .text.iUpdateMagnetometerBuffer
                0x0000f3bc      0x4c8 D:/xuser00/Ansoft/XSFK_KL25Z/XSFK_KL25Z/Library\libFusion.a(magnetic.o)
                0x0000f3bc                iUpdateMagnetometerBuffer
 .text.fInvertMagCal
                0x0000f884      0x198 D:/xuser00/Ansoft/XSFK_KL25Z/XSFK_KL25Z/Library\libFusion.a(magnetic.o)
                0x0000f884                fInvertMagCal
 .text.fUpdateCalibration10EIG
                0x0000fa1c      0xbf4 D:/xuser00/Ansoft/XSFK_KL25Z/XSFK_KL25Z/Library\libFusion.a(magnetic.o)
                0x0000fa1c                fUpdateCalibration10EIG
 .text.fUpdateCalibration7EIG
                0x00010610      0x6f8 D:/xuser00/Ansoft/XSFK_KL25Z/XSFK_KL25Z/Library\libFusion.a(magnetic.o)
                0x00010610                fUpdateCalibration7EIG
 .text.fUpdateCalibration4INV
                0x00010d08      0x8cc D:/xuser00/Ansoft/XSFK_KL25Z/XSFK_KL25Z/Library\libFusion.a(magnetic.o)
                0x00010d08                fUpdateCalibration4INV
 .text.fasin_deg
                0x000115d4      0x154 D:/xuser00/Ansoft/XSFK_KL25Z/XSFK_KL25Z/Library\libFusion.a(approximations.o)
                0x000115d4                fasin_deg
 .text.facos_deg
                0x00011728      0x284 D:/xuser00/Ansoft/XSFK_KL25Z/XSFK_KL25Z/Library\libFusion.a(approximations.o)
                0x00011728                facos_deg
 .text.fatan_deg
                0x000119ac      0x11c D:/xuser00/Ansoft/XSFK_KL25Z/XSFK_KL25Z/Library\libFusion.a(approximations.o)
                0x000119ac                fatan_deg
 .text.fatan2_deg
                0x00011ac8      0x37c D:/xuser00/Ansoft/XSFK_KL25Z/XSFK_KL25Z/Library\libFusion.a(approximations.o)
                0x00011ac8                fatan2_deg
 .text.f3DOFTiltNED
                0x00011e44      0x130 D:/xuser00/Ansoft/XSFK_KL25Z/XSFK_KL25Z/Library\libFusion.a(orientation.o)
                0x00011e44                f3DOFTiltNED
 .text.f3DOFTiltAndroid
                0x00011f74        0x8 D:/xuser00/Ansoft/XSFK_KL25Z/XSFK_KL25Z/Library\libFusion.a(orientation.o)
                0x00011f74                f3DOFTiltAndroid
 .text.f3DOFTiltWin8
                0x00011f7c      0x16c D:/xuser00/Ansoft/XSFK_KL25Z/XSFK_KL25Z/Library\libFusion.a(orientation.o)
                0x00011f7c                f3DOFTiltWin8
 .text.f3DOFMagnetometerMatrixNED
                0x000120e8       0x6c D:/xuser00/Ansoft/XSFK_KL25Z/XSFK_KL25Z/Library\libFusion.a(orientation.o)
                0x000120e8                f3DOFMagnetometerMatrixNED
 .text.f3DOFMagnetometerMatrixAndroid
                0x00012154       0x6c D:/xuser00/Ansoft/XSFK_KL25Z/XSFK_KL25Z/Library\libFusion.a(orientation.o)
                0x00012154                f3DOFMagnetometerMatrixAndroid
 .text.f3DOFMagnetometerMatrixWin8
                0x000121c0       0x6c D:/xuser00/Ansoft/XSFK_KL25Z/XSFK_KL25Z/Library\libFusion.a(orientation.o)
                0x000121c0                f3DOFMagnetometerMatrixWin8
 .text.feCompassNED
                0x0001222c      0x2fc D:/xuser00/Ansoft/XSFK_KL25Z/XSFK_KL25Z/Library\libFusion.a(orientation.o)
                0x0001222c                feCompassNED
 .text.feCompassAndroid
                0x00012528      0x2fc D:/xuser00/Ansoft/XSFK_KL25Z/XSFK_KL25Z/Library\libFusion.a(orientation.o)
                0x00012528                feCompassAndroid
 .text.feCompassWin8
                0x00012824      0x310 D:/xuser00/Ansoft/XSFK_KL25Z/XSFK_KL25Z/Library\libFusion.a(orientation.o)
                0x00012824                feCompassWin8
 .text.fNEDAnglesDegFromRotationMatrix
                0x00012b34       0xec D:/xuser00/Ansoft/XSFK_KL25Z/XSFK_KL25Z/Library\libFusion.a(orientation.o)
                0x00012b34                fNEDAnglesDegFromRotationMatrix
 .text.fAndroidAnglesDegFromRotationMatrix
                0x00012c20       0xec D:/xuser00/Ansoft/XSFK_KL25Z/XSFK_KL25Z/Library\libFusion.a(orientation.o)
                0x00012c20                fAndroidAnglesDegFromRotationMatrix
 .text.fWin8AnglesDegFromRotationMatrix
                0x00012d0c      0x17c D:/xuser00/Ansoft/XSFK_KL25Z/XSFK_KL25Z/Library\libFusion.a(orientation.o)
                0x00012d0c                fWin8AnglesDegFromRotationMatrix
 .text.fQuaternionFromRotationVectorDeg
                0x00012e88      0x194 D:/xuser00/Ansoft/XSFK_KL25Z/XSFK_KL25Z/Library\libFusion.a(orientation.o)
                0x00012e88                fQuaternionFromRotationVectorDeg
 .text.fQuaternionFromRotationMatrix
                0x0001301c      0x174 D:/xuser00/Ansoft/XSFK_KL25Z/XSFK_KL25Z/Library\libFusion.a(orientation.o)
                0x0001301c                fQuaternionFromRotationMatrix
 .text.fRotationMatrixFromQuaternion
                0x00013190      0x120 D:/xuser00/Ansoft/XSFK_KL25Z/XSFK_KL25Z/Library\libFusion.a(orientation.o)
                0x00013190                fRotationMatrixFromQuaternion
 .text.fRotationVectorDegFromQuaternion
                0x000132b0       0xb8 D:/xuser00/Ansoft/XSFK_KL25Z/XSFK_KL25Z/Library\libFusion.a(orientation.o)
                0x000132b0                fRotationVectorDegFromQuaternion
 .text.fLPFOrientationQuaternion
                0x00013368      0x4dc D:/xuser00/Ansoft/XSFK_KL25Z/XSFK_KL25Z/Library\libFusion.a(orientation.o)
                0x00013368                fLPFOrientationQuaternion
 .text.fLPFScalar
                0x00013844       0x2c D:/xuser00/Ansoft/XSFK_KL25Z/XSFK_KL25Z/Library\libFusion.a(orientation.o)
                0x00013844                fLPFScalar
 .text.qAeqBxC  0x00013870      0x148 D:/xuser00/Ansoft/XSFK_KL25Z/XSFK_KL25Z/Library\libFusion.a(orientation.o)
                0x00013870                qAeqBxC
 .text.qAeqAxB  0x000139b8      0x138 D:/xuser00/Ansoft/XSFK_KL25Z/XSFK_KL25Z/Library\libFusion.a(orientation.o)
                0x000139b8                qAeqAxB
 .text.fqeqNormq
                0x00013af0       0xd0 D:/xuser00/Ansoft/XSFK_KL25Z/XSFK_KL25Z/Library\libFusion.a(orientation.o)
                0x00013af0                fqeqNormq
 .text.fqAeq1   0x00013bc0       0x10 D:/xuser00/Ansoft/XSFK_KL25Z/XSFK_KL25Z/Library\libFusion.a(orientation.o)
                0x00013bc0                fqAeq1
 .text.sprintf  0x00013bd0       0x1a C:/Appz/Freescale/CW MCU v10.6/MCU/ARM_GCC_Support/ewl/lib/armv6-m\libc.a(sprintf.o)
                0x00013bd0                sprintf
 .text.__StringWrite
                0x00013bea       0x26 C:/Appz/Freescale/CW MCU v10.6/MCU/ARM_GCC_Support/ewl/lib/armv6-m\libc.a(vsnprintf.o)
                0x00013bea                __StringWrite
 .text.vsnprintf
                0x00013c10       0x38 C:/Appz/Freescale/CW MCU v10.6/MCU/ARM_GCC_Support/ewl/lib/armv6-m\libc.a(vsnprintf.o)
                0x00013c10                vsnprintf
 .text.exit     0x00013c48       0x38 C:/Appz/Freescale/CW MCU v10.6/MCU/ARM_GCC_Support/ewl/lib/armv6-m\libc.a(exit.o)
                0x00013c48                exit
 .text.memcpy   0x00013c80       0x12 C:/Appz/Freescale/CW MCU v10.6/MCU/ARM_GCC_Support/ewl/lib/armv6-m\libc.a(memcpy.o)
                0x00013c80                memcpy
 .text.memset   0x00013c92        0xc C:/Appz/Freescale/CW MCU v10.6/MCU/ARM_GCC_Support/ewl/lib/armv6-m\libc.a(memset.o)
                0x00013c92                memset
 *fill*         0x00013c9e        0x2 00
 .text.long2str.isra.0
                0x00013ca0      0x19c C:/Appz/Freescale/CW MCU v10.6/MCU/ARM_GCC_Support/ewl/lib/armv6-m\libc.a(printformat_fp.o)
 *fill*         0x00013e3c        0x4 00
 .text.__pformatterFP
                0x00013e40      0x858 C:/Appz/Freescale/CW MCU v10.6/MCU/ARM_GCC_Support/ewl/lib/armv6-m\libc.a(printformat_fp.o)
                0x00013e40                __pformatterFP
 .text.__sformatter_FP
                0x00014698      0x740 C:/Appz/Freescale/CW MCU v10.6/MCU/ARM_GCC_Support/ewl/lib/armv6-m\libc.a(scanformat_fp.o)
                0x00014698                __sformatter_FP
 .text.isalpha  0x00014dd8       0x20 C:/Appz/Freescale/CW MCU v10.6/MCU/ARM_GCC_Support/ewl/lib/armv6-m\libc.a(ctype_aeabi.o)
                0x00014dd8                isalpha
 .text.isspace  0x00014df8       0x20 C:/Appz/Freescale/CW MCU v10.6/MCU/ARM_GCC_Support/ewl/lib/armv6-m\libc.a(ctype_aeabi.o)
                0x00014df8                isspace
 .text.isupper  0x00014e18       0x20 C:/Appz/Freescale/CW MCU v10.6/MCU/ARM_GCC_Support/ewl/lib/armv6-m\libc.a(ctype_aeabi.o)
                0x00014e18                isupper
 .text.isxdigit
                0x00014e38       0x20 C:/Appz/Freescale/CW MCU v10.6/MCU/ARM_GCC_Support/ewl/lib/armv6-m\libc.a(ctype_aeabi.o)
                0x00014e38                isxdigit
 .text.toupper  0x00014e58        0xe C:/Appz/Freescale/CW MCU v10.6/MCU/ARM_GCC_Support/ewl/lib/armv6-m\libc.a(ctype_aeabi.o)
                0x00014e58                toupper
 *fill*         0x00014e66        0x2 00
 .text.__strtold
                0x00014e68      0x6d0 C:/Appz/Freescale/CW MCU v10.6/MCU/ARM_GCC_Support/ewl/lib/armv6-m\libc.a(__strtold.o)
                0x00014e68                __strtold
 .text.__strtoul
                0x00015538      0x1ce C:/Appz/Freescale/CW MCU v10.6/MCU/ARM_GCC_Support/ewl/lib/armv6-m\libc.a(__strtoul.o)
                0x00015538                __strtoul
 .text.__fill_mem
                0x00015706       0x7e C:/Appz/Freescale/CW MCU v10.6/MCU/ARM_GCC_Support/ewl/lib/armv6-m\libc.a(__filll_mem.o)
                0x00015706                __fill_mem
 .text.memchr   0x00015784       0x1a C:/Appz/Freescale/CW MCU v10.6/MCU/ARM_GCC_Support/ewl/lib/armv6-m\libc.a(memchr.o)
                0x00015784                memchr
 .text.strchr   0x0001579e       0x1e C:/Appz/Freescale/CW MCU v10.6/MCU/ARM_GCC_Support/ewl/lib/armv6-m\libc.a(strchr.o)
                0x0001579e                strchr
 .text.strcpy   0x000157bc       0x10 C:/Appz/Freescale/CW MCU v10.6/MCU/ARM_GCC_Support/ewl/lib/armv6-m\libc.a(strcpy.o)
                0x000157bc                strcpy
 .text.strlen   0x000157cc       0x10 C:/Appz/Freescale/CW MCU v10.6/MCU/ARM_GCC_Support/ewl/lib/armv6-m\libc.a(strlen.o)
                0x000157cc                strlen
 *fill*         0x000157dc        0x4 00
 .text.__num2dec
                0x000157e0      0x250 C:/Appz/Freescale/CW MCU v10.6/MCU/ARM_GCC_Support/ewl/lib/armv6-m\libm.a(ansi_fp.o)
                0x000157e0                __num2dec
 .text.__dec2num
                0x00015a30      0x168 C:/Appz/Freescale/CW MCU v10.6/MCU/ARM_GCC_Support/ewl/lib/armv6-m\libm.a(ansi_fp.o)
                0x00015a30                __dec2num
 .text.__round_decimal
                0x00015b98       0x98 C:/Appz/Freescale/CW MCU v10.6/MCU/ARM_GCC_Support/ewl/lib/armv6-m\libm.a(ansi_fp.o)
                0x00015b98                __round_decimal
 .text.__fpclassifyf
                0x00015c30       0x2a C:/Appz/Freescale/CW MCU v10.6/MCU/ARM_GCC_Support/ewl/lib/armv6-m\libm.a(math_api.o)
                0x00015c30                __fpclassifyf
 .text.__signbitd
                0x00015c5a        0x4 C:/Appz/Freescale/CW MCU v10.6/MCU/ARM_GCC_Support/ewl/lib/armv6-m\libm.a(math_api.o)
                0x00015c5a                __signbitd
 *fill*         0x00015c5e        0x2 00
 .text.__fpclassifyd
                0x00015c60       0x38 C:/Appz/Freescale/CW MCU v10.6/MCU/ARM_GCC_Support/ewl/lib/armv6-m\libm.a(math_api.o)
                0x00015c60                __fpclassifyd
 .text.frexp    0x00015c98       0x80 C:/Appz/Freescale/CW MCU v10.6/MCU/ARM_GCC_Support/ewl/lib/armv6-m\libm.a(s_frexp.o)
                0x00015c98                frexp
 .text.sinf     0x00015d18       0x94 C:/Appz/Freescale/CW MCU v10.6/MCU/ARM_GCC_Support/ewl/lib/armv6-m\libm.a(s_sinf.o)
                0x00015d18                sinf
 .text.acosf    0x00015dac        0x8 C:/Appz/Freescale/CW MCU v10.6/MCU/ARM_GCC_Support/ewl/lib/armv6-m\libm.a(w_acosf.o)
                0x00015dac                acosf
 .text.pow      0x00015db4        0x8 C:/Appz/Freescale/CW MCU v10.6/MCU/ARM_GCC_Support/ewl/lib/armv6-m\libm.a(w_pow.o)
                0x00015db4                pow
 .text.powf     0x00015dbc        0x8 C:/Appz/Freescale/CW MCU v10.6/MCU/ARM_GCC_Support/ewl/lib/armv6-m\libm.a(w_powf.o)
                0x00015dbc                powf
 .text.sqrtf    0x00015dc4        0x8 C:/Appz/Freescale/CW MCU v10.6/MCU/ARM_GCC_Support/ewl/lib/armv6-m\libm.a(w_sqrtf.o)
                0x00015dc4                sqrtf
 .text.__ieee754_acosf
                0x00015dcc      0x308 C:/Appz/Freescale/CW MCU v10.6/MCU/ARM_GCC_Support/ewl/lib/armv6-m\libm.a(e_acosf.o)
                0x00015dcc                __ieee754_acosf
 *fill*         0x000160d4        0x4 00
 .text.__ieee754_pow
                0x000160d8      0xb70 C:/Appz/Freescale/CW MCU v10.6/MCU/ARM_GCC_Support/ewl/lib/armv6-m\libm.a(e_pow.o)
                0x000160d8                __ieee754_pow
 .text.__ieee754_powf
                0x00016c48      0x74c C:/Appz/Freescale/CW MCU v10.6/MCU/ARM_GCC_Support/ewl/lib/armv6-m\libm.a(e_powf.o)
                0x00016c48                __ieee754_powf
 .text.__ieee754_rem_pio2f
                0x00017394      0x2bc C:/Appz/Freescale/CW MCU v10.6/MCU/ARM_GCC_Support/ewl/lib/armv6-m\libm.a(e_rem_pio2f.o)
                0x00017394                __ieee754_rem_pio2f
 .text.__ieee754_sqrtf
                0x00017650       0xb8 C:/Appz/Freescale/CW MCU v10.6/MCU/ARM_GCC_Support/ewl/lib/armv6-m\libm.a(e_sqrtf.o)
                0x00017650                __ieee754_sqrtf
 .text.__kernel_cosf
                0x00017708      0x140 C:/Appz/Freescale/CW MCU v10.6/MCU/ARM_GCC_Support/ewl/lib/armv6-m\libm.a(k_cosf.o)
                0x00017708                __kernel_cosf
 .text.__kernel_rem_pio2f
                0x00017848      0x584 C:/Appz/Freescale/CW MCU v10.6/MCU/ARM_GCC_Support/ewl/lib/armv6-m\libm.a(k_rem_pio2f.o)
                0x00017848                __kernel_rem_pio2f
 .text.__kernel_sinf
                0x00017dcc       0xf4 C:/Appz/Freescale/CW MCU v10.6/MCU/ARM_GCC_Support/ewl/lib/armv6-m\libm.a(k_sinf.o)
                0x00017dcc                __kernel_sinf
 .text.floorf   0x00017ec0       0x74 C:/Appz/Freescale/CW MCU v10.6/MCU/ARM_GCC_Support/ewl/lib/armv6-m\libm.a(s_floorf.o)
                0x00017ec0                floorf
 .text.scalbnf  0x00017f34       0xb0 C:/Appz/Freescale/CW MCU v10.6/MCU/ARM_GCC_Support/ewl/lib/armv6-m\libm.a(s_scalbnf.o)
                0x00017f34                scalbnf
 .text.scalbn   0x00017fe4       0x14 C:/Appz/Freescale/CW MCU v10.6/MCU/ARM_GCC_Support/ewl/lib/armv6-m\libm.a(scalbn.o)
                0x00017fe4                scalbn
 .text.sqrt     0x00017ff8        0x8 C:/Appz/Freescale/CW MCU v10.6/MCU/ARM_GCC_Support/ewl/lib/armv6-m\libm.a(w_sqrt.o)
                0x00017ff8                sqrt
 .text.__ieee754_sqrt
                0x00018000      0x17c C:/Appz/Freescale/CW MCU v10.6/MCU/ARM_GCC_Support/ewl/lib/armv6-m\libm.a(e_sqrt.o)
                0x00018000                __ieee754_sqrt
 *fill*         0x0001817c        0x4 00
 .text.ldexp    0x00018180      0x148 C:/Appz/Freescale/CW MCU v10.6/MCU/ARM_GCC_Support/ewl/lib/armv6-m\libm.a(s_ldexp.o)
                0x00018180                ldexp
 .text.__init_cpp
                0x000182c8       0x48 C:/Appz/Freescale/CW MCU v10.6/MCU/ARM_GCC_Support/ewl/lib/armv6-m\librt.a(gcc_ctor_dtor.o)
                0x000182c8                __init_cpp
 .text.__fini_cpp
                0x00018310       0x34 C:/Appz/Freescale/CW MCU v10.6/MCU/ARM_GCC_Support/ewl/lib/armv6-m\librt.a(gcc_ctor_dtor.o)
                0x00018310                __fini_cpp
 .text.__copy_rom_section
                0x00018344       0x48 C:/Appz/Freescale/CW MCU v10.6/MCU/ARM_GCC_Support/ewl/lib/armv6-m\librt.a(ROMCopy.o)
                0x00018344                __copy_rom_section
 .text.__copy_rom_sections_to_ram
                0x0001838c       0x34 C:/Appz/Freescale/CW MCU v10.6/MCU/ARM_GCC_Support/ewl/lib/armv6-m\librt.a(ROMCopy.o)
                0x0001838c                __copy_rom_sections_to_ram
 .text.__destroy_global_chain
                0x000183c0       0x1c C:/Appz/Freescale/CW MCU v10.6/MCU/ARM_GCC_Support/ewl/lib/armv6-m\librt.a(__arm_eabi_init.o)
                0x000183c0                __destroy_global_chain
 .text.__init_registers
                0x000183dc       0x1c C:/Appz/Freescale/CW MCU v10.6/MCU/ARM_GCC_Support/ewl/lib/armv6-m\librt.a(__arm_eabi_init.o)
                0x000183dc                __init_registers
 .text.__init_user
                0x000183f8        0x4 C:/Appz/Freescale/CW MCU v10.6/MCU/ARM_GCC_Support/ewl/lib/armv6-m\librt.a(__arm_eabi_init.o)
                0x000183f8                __init_user
 .text.__setjmp
                0x000183fc       0x1c C:/Appz/Freescale/CW MCU v10.6/MCU/ARM_GCC_Support/ewl/lib/armv6-m\librt.a(setjmp.o)
                0x000183fc                __setjmp
 .text.longjmp  0x00018418       0x20 C:/Appz/Freescale/CW MCU v10.6/MCU/ARM_GCC_Support/ewl/lib/armv6-m\librt.a(setjmp.o)
                0x00018418                longjmp
 .text.sys_exit
                0x00018438       0x20 C:/Appz/Freescale/CW MCU v10.6/MCU/ARM_GCC_Support/ewl/lib/armv6-m\libhosted.a(semihosted_console_io.o)
                0x00018438                sys_exit
 .text.sys_open
                0x00018458        0xc C:/Appz/Freescale/CW MCU v10.6/MCU/ARM_GCC_Support/ewl/lib/armv6-m\libhosted.a(semihosted_file_io.o)
                0x00018458                sys_open
 .text.__open_file
                0x00018464       0x5c C:/Appz/Freescale/CW MCU v10.6/MCU/ARM_GCC_Support/ewl/lib/armv6-m\libhosted.a(semihosted_file_io.o)
                0x00018464                __open_file
 .text.open     0x000184c0       0x70 C:/Appz/Freescale/CW MCU v10.6/MCU/ARM_GCC_Support/ewl/lib/armv6-m\libhosted.a(semihosted_file_io.o)
                0x000184c0                open
 .text.__init_semihost
                0x00018530       0x20 C:/Appz/Freescale/CW MCU v10.6/MCU/ARM_GCC_Support/ewl/lib/armv6-m\libhosted.a(semihosted_file_io.o)
                0x00018530                __init_semihost
 *(.rodata)
 .rodata        0x00018550       0x20 C:/Appz/Freescale/CW MCU v10.6/MCU/ARM_GCC_Support/ewl/lib/armv6-m\libc.a(__strtold.o)
 .rodata        0x00018570       0x40 c:/appz/freescale/cw mcu v10.6/cross_tools/arm-none-eabi-gcc-4_7_3/bin/../lib/gcc/arm-none-eabi/4.7.3/armv6-m\libgcc.a(divsf3.o)
 .rodata        0x000185b0       0x40 c:/appz/freescale/cw mcu v10.6/cross_tools/arm-none-eabi-gcc-4_7_3/bin/../lib/gcc/arm-none-eabi/4.7.3/armv6-m\libgcc.a(mulsf3.o)
 .rodata        0x000185f0       0x40 c:/appz/freescale/cw mcu v10.6/cross_tools/arm-none-eabi-gcc-4_7_3/bin/../lib/gcc/arm-none-eabi/4.7.3/armv6-m\libgcc.a(divdf3.o)
 .rodata        0x00018630       0x40 c:/appz/freescale/cw mcu v10.6/cross_tools/arm-none-eabi-gcc-4_7_3/bin/../lib/gcc/arm-none-eabi/4.7.3/armv6-m\libgcc.a(muldf3.o)
 *(.rodata*)
 .rodata.MQX_init_struct
                0x00018670       0x24 ./Generated_Code/MQX1.o
                0x00018670                MQX_init_struct
 .rodata.str1.4
                0x00018694       0x23 ./MQXLITE/config/task_template_list.o
                                 0x24 (size before relaxing)
 *fill*         0x000186b7        0x1 00
 .rodata.MQX_template_list
                0x000186b8       0x8c ./MQXLITE/config/task_template_list.o
                0x000186b8                MQX_template_list
 .rodata._mqx_path
                0x00018744        0x4 ./MQXLITE/kernel/mqxlite.o
                0x00018744                _mqx_path
 .rodata._mqx_vendor
                0x00018748        0x4 ./MQXLITE/kernel/mqxlite.o
                0x00018748                _mqx_vendor
 .rodata._mqxlite_version_number
                0x0001874c        0x4 ./MQXLITE/kernel/mqxlite.o
                0x0001874c                _mqxlite_version_number
 .rodata._mqx_version_number
                0x00018750        0x4 ./MQXLITE/kernel/mqxlite.o
                0x00018750                _mqx_version_number
 .rodata.str1.4
                0x00018754       0xde ./MQXLITE/kernel/mqxlite.o
                                 0xe0 (size before relaxing)
 *fill*         0x00018832        0x2 00
 .rodata.str1.4
                0x00018834        0xf ./MQXLITE/kernel/mqx_utils.o
                                 0x10 (size before relaxing)
 *fill*         0x00018843        0x1 00
 .rodata._mem_zero
                0x00018844       0x40 ./MQXLITE/psp/cortex_m/mem_zero.o
 .rodata.str1.4
                0x00018884       0x14 ./Sources/user_tasks.o
 .rodata.str1.1
                0x00018898       0x14 C:/Appz/Freescale/CW MCU v10.6/MCU/ARM_GCC_Support/ewl/lib/armv6-m\libc.a(printformat_fp.o)
                                 0x25 (size before relaxing)
 .rodata.CSWTCH.22
                0x000188ac       0x21 C:/Appz/Freescale/CW MCU v10.6/MCU/ARM_GCC_Support/ewl/lib/armv6-m\libc.a(printformat_fp.o)
 .rodata.CSWTCH.23
                0x000188cd       0x21 C:/Appz/Freescale/CW MCU v10.6/MCU/ARM_GCC_Support/ewl/lib/armv6-m\libc.a(printformat_fp.o)
 .rodata.__aeabi_ctype_table_C
                0x000188ee      0x101 C:/Appz/Freescale/CW MCU v10.6/MCU/ARM_GCC_Support/ewl/lib/armv6-m\libc.a(ctype_aeabi.o)
                0x000188ee                __aeabi_ctype_table_C
 *fill*         0x000189ef        0x1 00
 .rodata.digit_values
                0x000189f0       0x40 C:/Appz/Freescale/CW MCU v10.6/MCU/ARM_GCC_Support/ewl/lib/armv6-m\libm.a(ansi_fp.o)
 .rodata.bit_values
                0x00018a30       0x48 C:/Appz/Freescale/CW MCU v10.6/MCU/ARM_GCC_Support/ewl/lib/armv6-m\libm.a(ansi_fp.o)
 .rodata.dp_h   0x00018a78       0x10 C:/Appz/Freescale/CW MCU v10.6/MCU/ARM_GCC_Support/ewl/lib/armv6-m\libm.a(e_pow.o)
 .rodata.dp_l   0x00018a88       0x10 C:/Appz/Freescale/CW MCU v10.6/MCU/ARM_GCC_Support/ewl/lib/armv6-m\libm.a(e_pow.o)
 .rodata.bp     0x00018a98       0x10 C:/Appz/Freescale/CW MCU v10.6/MCU/ARM_GCC_Support/ewl/lib/armv6-m\libm.a(e_pow.o)
 .rodata.dp_h   0x00018aa8        0x8 C:/Appz/Freescale/CW MCU v10.6/MCU/ARM_GCC_Support/ewl/lib/armv6-m\libm.a(e_powf.o)
 .rodata.dp_l   0x00018ab0        0x8 C:/Appz/Freescale/CW MCU v10.6/MCU/ARM_GCC_Support/ewl/lib/armv6-m\libm.a(e_powf.o)
 .rodata.bp     0x00018ab8        0x8 C:/Appz/Freescale/CW MCU v10.6/MCU/ARM_GCC_Support/ewl/lib/armv6-m\libm.a(e_powf.o)
 .rodata.npio2_hw
                0x00018ac0       0x80 C:/Appz/Freescale/CW MCU v10.6/MCU/ARM_GCC_Support/ewl/lib/armv6-m\libm.a(e_rem_pio2f.o)
 .rodata.two_over_pi
                0x00018b40      0x318 C:/Appz/Freescale/CW MCU v10.6/MCU/ARM_GCC_Support/ewl/lib/armv6-m\libm.a(e_rem_pio2f.o)
 .rodata.init_jk
                0x00018e58        0xc C:/Appz/Freescale/CW MCU v10.6/MCU/ARM_GCC_Support/ewl/lib/armv6-m\libm.a(k_rem_pio2f.o)
 .rodata.PIo2   0x00018e64       0x2c C:/Appz/Freescale/CW MCU v10.6/MCU/ARM_GCC_Support/ewl/lib/armv6-m\libm.a(k_rem_pio2f.o)
 .rodata.str1.1
                0x00018e90        0x4 C:/Appz/Freescale/CW MCU v10.6/MCU/ARM_GCC_Support/ewl/lib/armv6-m\libhosted.a(semihosted_file_io.o)
 .rodata.CSWTCH.26
                0x00018e94        0x2 C:/Appz/Freescale/CW MCU v10.6/MCU/ARM_GCC_Support/ewl/lib/armv6-m\libhosted.a(semihosted_file_io.o)
 .rodata.CSWTCH.28
                0x00018e96        0x5 C:/Appz/Freescale/CW MCU v10.6/MCU/ARM_GCC_Support/ewl/lib/armv6-m\libhosted.a(semihosted_file_io.o)
 *(.glue_7)
 .glue_7        0x00000000        0x0 linker stubs
 *(.glue_7t)
 .glue_7t       0x00000000        0x0 linker stubs
 *(.eh_frame)
 *(.init)
 *(.fini)
                0x00018e9c                . = ALIGN (0x4)
 *fill*         0x00018e9b        0x1 00
 *(KERNEL)
 KERNEL         0x00018e9c      0x278 ./MQXLITE/psp/cortex_m/core/M0/dispatch.o
                0x00018e9c                _sched_start_internal
                0x00018ea2                _sched_run_internal
                0x00018ea8                _sched_check_scheduler_internal
                0x00018ec0                _sched_execute_scheduler_internal
                0x00018f88                _mqx_api_call
                0x00018f8a                _task_block
                0x00018fd2                _int_kernel_isr
                0x0001907c                _psp_exception_return
                0x000190b4                _mem_test_and_set
                0x000190ca                __get_PSP
                0x000190d0                __get_MSP
                0x000190d6                __set_MSP
                0x000190dc                __get_PSR
                0x000190e2                __enable_interrupt
                0x000190e6                __disable_interrupt
                0x000190ea                __get_LR
                0x000190ee                __get_PC
                0x000190f2                __get_CONTROL
                0x00000000                __VECTOR_TABLE_START = __vector_table
                0x00019114                . = ALIGN (0x4)
 *(.rdata)
                0x00019114                . = ALIGN (0x4)
 *(.exception)
                0x00019114                . = ALIGN (0x4)
                0x00019114                __exception_table_start__ = .
                0x00019114                __exception_table_end__ = .
                0x00019114                __sinit__ = .
                0x00019114                _etext = .

.vfp11_veneer   0x00019114        0x0
 .vfp11_veneer  0x00000000        0x0 linker stubs

.v4_bx          0x00019114        0x0
 .v4_bx         0x00000000        0x0 linker stubs

.iplt           0x00019114        0x0
 .iplt          0x00000000        0x0 ./Generated_Code/Vectors.o

.rel.dyn        0x00019114        0x0
 .rel.iplt      0x00000000        0x0 ./Generated_Code/Vectors.o

.ARM.extab
 *(.ARM.extab* .gnu.linkonce.armextab.*)

.ARM            0x00019114        0x0
                0x00019114                __exidx_start = .
 *(.ARM.exidx*)
                0x00019114                __exidx_end = .

.ctors          0x00019114        0x0
                0x00019114                __CTOR_LIST__ = .
 *crtbegin.o(.ctors)
 *(EXCLUDE_FILE(*crtend.o) .ctors)
 *(SORT(.ctors.*))
 *(.ctors)
                0x00019114                __CTOR_END__ = .

.dtors          0x00019114        0x0
                0x00019114                __DTOR_LIST__ = .
 *crtbegin.o(.dtors)
 *(EXCLUDE_FILE(*crtend.o) .dtors)
 *(SORT(.dtors.*))
 *(.dtors)
                0x00019114                __DTOR_END__ = .

.preinit_array  0x00019114        0x0
                0x00019114                PROVIDE (__preinit_array_start, .)
 *(.preinit_array*)
                0x00019114                PROVIDE (__preinit_array_end, .)

.init_array     0x00019114        0x0
                0x00019114                PROVIDE (__init_array_start, .)
 *(SORT(.init_array.*))
 *(.init_array*)
                0x00019114                PROVIDE (__init_array_end, .)

.fini_array     0x00019114        0x0
                0x00019114                PROVIDE (__fini_array_start, .)
 *(SORT(.fini_array.*))
 *(.fini_array*)
                0x00019114                PROVIDE (__fini_array_end, .)
                0x00019114                ___ROM_AT = .

.mtb            0x1ffff000        0x0
                0x1ffff000                . = ALIGN (0x8)
                0x1ffff000                _mtb_start = .
 *(.mtb_buf)
                0x1ffff000                . = ALIGN (0x8)
                0x1ffff000                _mtb_end = .

.data           0x1ffff000       0x3c load address 0x00019114
                0x1ffff000                . = ALIGN (0x4)
                0x1ffff000                _sdata = .
 *(.data)
 *(.data*)
 .data.mqx_task_stack_pointers
                0x1ffff000       0x14 ./Generated_Code/MQX1.o
                0x1ffff000                mqx_task_stack_pointers
 .data._mqx_kernel_data
                0x1ffff014        0x4 ./MQXLITE/kernel/mqxlite.o
                0x1ffff014                _mqx_kernel_data
 .data.Ik       0x1ffff018        0x4 ./Sources/user_tasks.o
                0x1ffff018                Ik
 .data.Pk       0x1ffff01c        0x4 ./Sources/user_tasks.o
                0x1ffff01c                Pk
 .data.__double_nan
                0x1ffff020        0x8 C:/Appz/Freescale/CW MCU v10.6/MCU/ARM_GCC_Support/ewl/lib/armv6-m\libm.a(float.o)
                0x1ffff020                __double_nan
 .data.__double_huge
                0x1ffff028        0x8 C:/Appz/Freescale/CW MCU v10.6/MCU/ARM_GCC_Support/ewl/lib/armv6-m\libm.a(float.o)
                0x1ffff028                __double_huge
 .data.__float_nan
                0x1ffff030        0x4 C:/Appz/Freescale/CW MCU v10.6/MCU/ARM_GCC_Support/ewl/lib/armv6-m\libm.a(float.o)
                0x1ffff030                __float_nan
 .data.__extended_max
                0x1ffff034        0x8 C:/Appz/Freescale/CW MCU v10.6/MCU/ARM_GCC_Support/ewl/lib/armv6-m\libm.a(float.o)
                0x1ffff034                __extended_max
                0x1ffff03c                . = ALIGN (0x4)
                0x1ffff03c                _edata = .
                0x0000003c                ___data_size = (_edata - _sdata)

.igot.plt       0x1ffff03c        0x0 load address 0x00019150
 .igot.plt      0x00000000        0x0 ./Generated_Code/Vectors.o
                0x1ffff03c                . = ALIGN (0x4)

.bss            0x1ffff03c     0x379c load address 0x00019150
                0x1ffff03c                __START_BSS = .
                0x1ffff03c                PROVIDE (__bss_start__, __START_BSS)
 *(.bss)
 *(.bss*)
 .bss.DeviceDataPrv__DEFAULT_RTOS_ALLOC
                0x1ffff03c       0x20 ./Generated_Code/UART.o
 .bss.DeviceDataPrv__DEFAULT_RTOS_ALLOC
                0x1ffff05c        0x4 ./Generated_Code/TestPin_MagCal_Time.o
 .bss.DeviceDataPrv__DEFAULT_RTOS_ALLOC
                0x1ffff060        0x4 ./Generated_Code/TestPin_KF_Time.o
 .bss.DeviceDataPrv__DEFAULT_RTOS_ALLOC
                0x1ffff064        0x8 ./Generated_Code/TU1.o
 .bss.DeviceDataPrv__DEFAULT_RTOS_ALLOC
                0x1ffff06c        0xc ./Generated_Code/SystemTimer1.o
 .bss.DeviceDataPrv__DEFAULT_RTOS_ALLOC
                0x1ffff078        0xc ./Generated_Code/PWM1.o
 .bss.PE_LDD_DeviceDataList
                0x1ffff084       0x40 ./Generated_Code/PE_LDD.o
                0x1ffff084                PE_LDD_DeviceDataList
 .bss.DeviceDataPrv__DEFAULT_RTOS_ALLOC
                0x1ffff0c4        0x4 ./Generated_Code/LED_RED.o
 .bss.DeviceDataPrv__DEFAULT_RTOS_ALLOC
                0x1ffff0c8        0x4 ./Generated_Code/LED_GREEN.o
 .bss.DeviceDataPrv__DEFAULT_RTOS_ALLOC
                0x1ffff0cc       0x24 ./Generated_Code/I2C.o
 .bss.DeviceDataPrv__DEFAULT_RTOS_ALLOC
                0x1ffff0f0        0xc ./Generated_Code/FTM.o
 .bss.DeviceDataPrv__DEFAULT_RTOS_ALLOC
                0x1ffff0fc        0x4 ./Generated_Code/BitIoLdd6.o
 .bss.DeviceDataPrv__DEFAULT_RTOS_ALLOC
                0x1ffff100        0x4 ./Generated_Code/BitIoLdd5.o
 .bss.DeviceDataPrv__DEFAULT_RTOS_ALLOC
                0x1ffff104        0x4 ./Generated_Code/BitIoLdd4.o
 .bss.DeviceDataPrv__DEFAULT_RTOS_ALLOC
                0x1ffff108        0x4 ./Generated_Code/BitIoLdd3.o
 .bss.DeviceDataPrv__DEFAULT_RTOS_ALLOC
                0x1ffff10c        0x4 ./Generated_Code/BitIoLdd2.o
 .bss.DeviceDataPrv__DEFAULT_RTOS_ALLOC
                0x1ffff110        0x4 ./Generated_Code/BitIoLdd1.o
 .bss.argv      0x1ffff114        0x4 ./Project_Settings/Startup_Code/__arm_start.o
 .bss.P         0x1ffff118        0x4 ./Sources/user_tasks.o
                0x1ffff118                P
 .bss.lay       0x1ffff11c        0x4 ./Sources/user_tasks.o
                0x1ffff11c                lay
 .bss.temp      0x1ffff120        0x4 ./Sources/user_tasks.o
                0x1ffff120                temp
 .bss.D         0x1ffff124        0x4 ./Sources/user_tasks.o
                0x1ffff124                D
 .bss.I         0x1ffff128        0x4 ./Sources/user_tasks.o
                0x1ffff128                I
 .bss.iCounter.8773
                0x1ffff12c        0x1 ./Sources/tasks_func.o
 .bss.ivalid_license.6463
                0x1ffff12d        0x1 D:/xuser00/Ansoft/XSFK_KL25Z/XSFK_KL25Z/Library\libFusion.a(baranski_kalman.o)
 *fill*         0x1ffff12e        0x2 00
 .bss.__stdio_exit
                0x1ffff130        0x4 C:/Appz/Freescale/CW MCU v10.6/MCU/ARM_GCC_Support/ewl/lib/armv6-m\libc.a(exit.o)
                0x1ffff130                __stdio_exit
 .bss.__console_exit
                0x1ffff134        0x4 C:/Appz/Freescale/CW MCU v10.6/MCU/ARM_GCC_Support/ewl/lib/armv6-m\libc.a(exit.o)
                0x1ffff134                __console_exit
 .bss.__S_romp  0x1ffff138        0xc C:/Appz/Freescale/CW MCU v10.6/MCU/ARM_GCC_Support/ewl/lib/armv6-m\librt.a(ROMCopy.o)
 .bss.__global_destructor_chain
                0x1ffff144        0x4 C:/Appz/Freescale/CW MCU v10.6/MCU/ARM_GCC_Support/ewl/lib/armv6-m\librt.a(__arm_eabi_init.o)
                0x1ffff144                __global_destructor_chain
 *(COMMON)
 COMMON         0x1ffff148     0x158c ./Generated_Code/MQX1.o
                0x1ffff148                Main_task_stack
                0x1ffff3cc                RdSensData_task_stack
                0x1ffff750                _mqx_kernel_data_struct
                0x1ffff9b0                mqx_interrupt_stack
                0x1ffffac0                mqx_static_ready_queue
                0x1ffffb90                mqx_static_isr_table
                0x1ffffcf8                mqx_idle_task_stack
                0x1ffffe20                Fusion_task_stack
                0x200002a4                mqx_system_stack
                0x20000350                MagCal_task_stack
 COMMON         0x200006d4        0x4 ./MQXLITE/kernel/task.o
                0x200006d4                _tad_task_at_flag
 COMMON         0x200006d8       0x50 ./MQXLITE/kernel/mqxlite.o
                0x200006d8                _mqx_zero_tick_struct
                0x200006e4                _mqx_system_stack
                0x200006e8                _mqx_exit_jump_buffer_internal
 COMMON         0x20000728       0x10 ./Sources/user_tasks.o
                0x20000728                Memory
                0x2000072c                vajda
                0x20000730                jozo
                0x20000734                Sum
 COMMON         0x20000738     0x1ef0 ./Sources/tasks_func.o
                0x20000738                thisSV_1DOF_P_BASIC
                0x2000074c                thisAccel
                0x20000780                thisSV_3DOF_B_BASIC
                0x20000820                thisMagBuffer
                0x20001378                thisSV_3DOF_G_BASIC
                0x20001418                thisPressure
                0x20001434                thisSV_6DOF_GB_BASIC
                0x200014dc                thisMagCal
                0x200018f4                thisGyro
                0x20001948                thisSV_9DOF_GBY_KALMAN
                0x200020e8                thisSV_6DOF_GY_KALMAN
                0x20002554                thisMag
                0x200025ac                thisSV_3DOF_Y_BASIC
 COMMON         0x20002628       0x98 ./Sources/mqx_tasks.o
                0x20002628                mqxglobals
                0x200026a4                globals
 COMMON         0x200026c0      0x114 ./Sources/FSL_utils.o
                0x200026c0                sUARTOutputBuf
                0x200027c0                I2C2_Buf
                0x200027d0                sUARTInputBuf
 COMMON         0x200027d4        0x4 C:/Appz/Freescale/CW MCU v10.6/MCU/ARM_GCC_Support/ewl/lib/armv6-m\libc.a(errno.o)
                0x200027d4                errno
                0x200027d8                . = ALIGN (0x4)
                0x200027d8                __END_BSS = .
                0x200027d8                PROVIDE (__bss_end__, __END_BSS)
                0x00019150                _romp_at = (___ROM_AT + SIZEOF (.data))

.romp           0x200027d8       0x18 load address 0x00019150
                0x00019150                __S_romp = _romp_at
                0x200027d8        0x4 LONG 0x19114 ___ROM_AT
                0x200027dc        0x4 LONG 0x1ffff000 _sdata
                0x200027e0        0x4 LONG 0x3c ___data_size
                0x200027e4        0x4 LONG 0x0
                0x200027e8        0x4 LONG 0x0
                0x200027ec        0x4 LONG 0x0

._user_heap_stack
                0x200027f0      0x400 load address 0x00019168
                0x200027f0                . = ALIGN (0x4)
                0x200027f0                PROVIDE (end, .)
                0x200027f0                PROVIDE (_end, .)
                0x200027f0                __heap_addr = .
                0x200027f0                . = (. + __heap_size)
                0x20002bf0                . = (. + __stack_size)
 *fill*         0x200027f0      0x400 00
                0x20002bf0                . = ALIGN (0x4)

.ARM.attributes
                0x00000000       0x2f
 *(.ARM.attributes)
 .ARM.attributes
                0x00000000       0x31 ./Generated_Code/Vectors.o
 .ARM.attributes
                0x00000031       0x31 ./Generated_Code/UART.o
 .ARM.attributes
                0x00000062       0x31 ./Generated_Code/TestPin_MagCal_Time.o
 .ARM.attributes
                0x00000093       0x31 ./Generated_Code/TestPin_KF_Time.o
 .ARM.attributes
                0x000000c4       0x31 ./Generated_Code/TU1.o
 .ARM.attributes
                0x000000f5       0x31 ./Generated_Code/SystemTimer1.o
 .ARM.attributes
                0x00000126       0x31 ./Generated_Code/PWM1.o
 .ARM.attributes
                0x00000157       0x31 ./Generated_Code/PE_LDD.o
 .ARM.attributes
                0x00000188       0x31 ./Generated_Code/MQX1.o
 .ARM.attributes
                0x000001b9       0x31 ./Generated_Code/LED_RED.o
 .ARM.attributes
                0x000001ea       0x31 ./Generated_Code/LED_GREEN.o
 .ARM.attributes
                0x0000021b       0x31 ./Generated_Code/I2C.o
 .ARM.attributes
                0x0000024c       0x31 ./Generated_Code/FTM.o
 .ARM.attributes
                0x0000027d       0x31 ./Generated_Code/Cpu.o
 .ARM.attributes
                0x000002ae       0x31 ./Generated_Code/BitIoLdd6.o
 .ARM.attributes
                0x000002df       0x31 ./Generated_Code/BitIoLdd5.o
 .ARM.attributes
                0x00000310       0x31 ./Generated_Code/BitIoLdd4.o
 .ARM.attributes
                0x00000341       0x31 ./Generated_Code/BitIoLdd3.o
 .ARM.attributes
                0x00000372       0x31 ./Generated_Code/BitIoLdd2.o
 .ARM.attributes
                0x000003a3       0x31 ./Generated_Code/BitIoLdd1.o
 .ARM.attributes
                0x000003d4       0x31 ./MQXLITE/config/task_template_list.o
 .ARM.attributes
                0x00000405       0x31 ./MQXLITE/kernel/time_ticks.o
 .ARM.attributes
                0x00000436       0x31 ./MQXLITE/kernel/task.o
 .ARM.attributes
                0x00000467       0x31 ./MQXLITE/kernel/mqxlite.o
 .ARM.attributes
                0x00000498       0x31 ./MQXLITE/kernel/mqx_utils.o
 .ARM.attributes
                0x000004c9       0x31 ./MQXLITE/kernel/lwsem.o
 .ARM.attributes
                0x000004fa       0x31 ./MQXLITE/kernel/lwevent.o
 .ARM.attributes
                0x0000052b       0x31 ./MQXLITE/kernel/int.o
 .ARM.attributes
                0x0000055c       0x31 ./MQXLITE/kernel/idletask.o
 .ARM.attributes
                0x0000058d       0x21 ./MQXLITE/psp/cortex_m/core/M0/dispatch.o
 .ARM.attributes
                0x000005ae       0x21 ./MQXLITE/psp/cortex_m/core/M0/boot.o
 .ARM.attributes
                0x000005cf       0x31 ./MQXLITE/psp/cortex_m/stack_de.o
 .ARM.attributes
                0x00000600       0x31 ./MQXLITE/psp/cortex_m/stack_bu.o
 .ARM.attributes
                0x00000631       0x31 ./MQXLITE/psp/cortex_m/sc_irdyq.o
 .ARM.attributes
                0x00000662       0x31 ./MQXLITE/psp/cortex_m/psp_tinm.o
 .ARM.attributes
                0x00000693       0x31 ./MQXLITE/psp/cortex_m/psp_tiad.o
 .ARM.attributes
                0x000006c4       0x31 ./MQXLITE/psp/cortex_m/psp_iinit.o
 .ARM.attributes
                0x000006f5       0x31 ./MQXLITE/psp/cortex_m/mem_zero.o
 .ARM.attributes
                0x00000726       0x31 ./MQXLITE/psp/cortex_m/int_vtab.o
 .ARM.attributes
                0x00000757       0x31 ./MQXLITE/psp/cortex_m/int_inst.o
 .ARM.attributes
                0x00000788       0x31 ./Project_Settings/Startup_Code/__arm_start.o
 .ARM.attributes
                0x000007b9       0x31 ./Project_Settings/Startup_Code/__arm_end.o
 .ARM.attributes
                0x000007ea       0x31 ./Sources/user_tasks.o
 .ARM.attributes
                0x0000081b       0x31 ./Sources/tasks_func.o
 .ARM.attributes
                0x0000084c       0x31 ./Sources/mqx_tasks.o
 .ARM.attributes
                0x0000087d       0x31 ./Sources/main.o
 .ARM.attributes
                0x000008ae       0x31 ./Sources/FSL_utils.o
 .ARM.attributes
                0x000008df       0x31 ./Sources/Events.o
 .ARM.attributes
                0x00000910       0x31 D:/xuser00/Ansoft/XSFK_KL25Z/XSFK_KL25Z/Library\libFusion.a(baranski_kalman.o)
 .ARM.attributes
                0x00000941       0x31 D:/xuser00/Ansoft/XSFK_KL25Z/XSFK_KL25Z/Library\libFusion.a(matrix.o)
 .ARM.attributes
                0x00000972       0x31 D:/xuser00/Ansoft/XSFK_KL25Z/XSFK_KL25Z/Library\libFusion.a(magnetic.o)
 .ARM.attributes
                0x000009a3       0x31 D:/xuser00/Ansoft/XSFK_KL25Z/XSFK_KL25Z/Library\libFusion.a(approximations.o)
 .ARM.attributes
                0x000009d4       0x31 D:/xuser00/Ansoft/XSFK_KL25Z/XSFK_KL25Z/Library\libFusion.a(orientation.o)
 .ARM.attributes
                0x00000a05       0x31 C:/Appz/Freescale/CW MCU v10.6/MCU/ARM_GCC_Support/ewl/lib/armv6-m\libc.a(sprintf.o)
 .ARM.attributes
                0x00000a36       0x31 C:/Appz/Freescale/CW MCU v10.6/MCU/ARM_GCC_Support/ewl/lib/armv6-m\libc.a(vsnprintf.o)
 .ARM.attributes
                0x00000a67       0x31 C:/Appz/Freescale/CW MCU v10.6/MCU/ARM_GCC_Support/ewl/lib/armv6-m\libc.a(exit.o)
 .ARM.attributes
                0x00000a98       0x31 C:/Appz/Freescale/CW MCU v10.6/MCU/ARM_GCC_Support/ewl/lib/armv6-m\libc.a(memcpy.o)
 .ARM.attributes
                0x00000ac9       0x31 C:/Appz/Freescale/CW MCU v10.6/MCU/ARM_GCC_Support/ewl/lib/armv6-m\libc.a(memset.o)
 .ARM.attributes
                0x00000afa       0x31 C:/Appz/Freescale/CW MCU v10.6/MCU/ARM_GCC_Support/ewl/lib/armv6-m\libc.a(printformat_fp.o)
 .ARM.attributes
                0x00000b2b       0x31 C:/Appz/Freescale/CW MCU v10.6/MCU/ARM_GCC_Support/ewl/lib/armv6-m\libc.a(scanformat_fp.o)
 .ARM.attributes
                0x00000b5c       0x31 C:/Appz/Freescale/CW MCU v10.6/MCU/ARM_GCC_Support/ewl/lib/armv6-m\libc.a(ctype_aeabi.o)
 .ARM.attributes
                0x00000b8d       0x31 C:/Appz/Freescale/CW MCU v10.6/MCU/ARM_GCC_Support/ewl/lib/armv6-m\libc.a(__strtold.o)
 .ARM.attributes
                0x00000bbe       0x31 C:/Appz/Freescale/CW MCU v10.6/MCU/ARM_GCC_Support/ewl/lib/armv6-m\libc.a(__strtoul.o)
 .ARM.attributes
                0x00000bef       0x31 C:/Appz/Freescale/CW MCU v10.6/MCU/ARM_GCC_Support/ewl/lib/armv6-m\libc.a(__filll_mem.o)
 .ARM.attributes
                0x00000c20       0x31 C:/Appz/Freescale/CW MCU v10.6/MCU/ARM_GCC_Support/ewl/lib/armv6-m\libc.a(memchr.o)
 .ARM.attributes
                0x00000c51       0x31 C:/Appz/Freescale/CW MCU v10.6/MCU/ARM_GCC_Support/ewl/lib/armv6-m\libc.a(strchr.o)
 .ARM.attributes
                0x00000c82       0x31 C:/Appz/Freescale/CW MCU v10.6/MCU/ARM_GCC_Support/ewl/lib/armv6-m\libc.a(strcpy.o)
 .ARM.attributes
                0x00000cb3       0x31 C:/Appz/Freescale/CW MCU v10.6/MCU/ARM_GCC_Support/ewl/lib/armv6-m\libc.a(strlen.o)
 .ARM.attributes
                0x00000ce4       0x31 C:/Appz/Freescale/CW MCU v10.6/MCU/ARM_GCC_Support/ewl/lib/armv6-m\libc.a(errno.o)
 .ARM.attributes
                0x00000d15       0x31 C:/Appz/Freescale/CW MCU v10.6/MCU/ARM_GCC_Support/ewl/lib/armv6-m\libm.a(ansi_fp.o)
 .ARM.attributes
                0x00000d46       0x31 C:/Appz/Freescale/CW MCU v10.6/MCU/ARM_GCC_Support/ewl/lib/armv6-m\libm.a(float.o)
 .ARM.attributes
                0x00000d77       0x31 C:/Appz/Freescale/CW MCU v10.6/MCU/ARM_GCC_Support/ewl/lib/armv6-m\libm.a(math_api.o)
 .ARM.attributes
                0x00000da8       0x31 C:/Appz/Freescale/CW MCU v10.6/MCU/ARM_GCC_Support/ewl/lib/armv6-m\libm.a(s_frexp.o)
 .ARM.attributes
                0x00000dd9       0x31 C:/Appz/Freescale/CW MCU v10.6/MCU/ARM_GCC_Support/ewl/lib/armv6-m\libm.a(s_sinf.o)
 .ARM.attributes
                0x00000e0a       0x31 C:/Appz/Freescale/CW MCU v10.6/MCU/ARM_GCC_Support/ewl/lib/armv6-m\libm.a(w_acosf.o)
 .ARM.attributes
                0x00000e3b       0x31 C:/Appz/Freescale/CW MCU v10.6/MCU/ARM_GCC_Support/ewl/lib/armv6-m\libm.a(w_pow.o)
 .ARM.attributes
                0x00000e6c       0x31 C:/Appz/Freescale/CW MCU v10.6/MCU/ARM_GCC_Support/ewl/lib/armv6-m\libm.a(w_powf.o)
 .ARM.attributes
                0x00000e9d       0x31 C:/Appz/Freescale/CW MCU v10.6/MCU/ARM_GCC_Support/ewl/lib/armv6-m\libm.a(w_sqrtf.o)
 .ARM.attributes
                0x00000ece       0x31 C:/Appz/Freescale/CW MCU v10.6/MCU/ARM_GCC_Support/ewl/lib/armv6-m\libm.a(e_acosf.o)
 .ARM.attributes
                0x00000eff       0x31 C:/Appz/Freescale/CW MCU v10.6/MCU/ARM_GCC_Support/ewl/lib/armv6-m\libm.a(e_pow.o)
 .ARM.attributes
                0x00000f30       0x31 C:/Appz/Freescale/CW MCU v10.6/MCU/ARM_GCC_Support/ewl/lib/armv6-m\libm.a(e_powf.o)
 .ARM.attributes
                0x00000f61       0x31 C:/Appz/Freescale/CW MCU v10.6/MCU/ARM_GCC_Support/ewl/lib/armv6-m\libm.a(e_rem_pio2f.o)
 .ARM.attributes
                0x00000f92       0x31 C:/Appz/Freescale/CW MCU v10.6/MCU/ARM_GCC_Support/ewl/lib/armv6-m\libm.a(e_sqrtf.o)
 .ARM.attributes
                0x00000fc3       0x31 C:/Appz/Freescale/CW MCU v10.6/MCU/ARM_GCC_Support/ewl/lib/armv6-m\libm.a(k_cosf.o)
 .ARM.attributes
                0x00000ff4       0x31 C:/Appz/Freescale/CW MCU v10.6/MCU/ARM_GCC_Support/ewl/lib/armv6-m\libm.a(k_rem_pio2f.o)
 .ARM.attributes
                0x00001025       0x31 C:/Appz/Freescale/CW MCU v10.6/MCU/ARM_GCC_Support/ewl/lib/armv6-m\libm.a(k_sinf.o)
 .ARM.attributes
                0x00001056       0x31 C:/Appz/Freescale/CW MCU v10.6/MCU/ARM_GCC_Support/ewl/lib/armv6-m\libm.a(s_floorf.o)
 .ARM.attributes
                0x00001087       0x31 C:/Appz/Freescale/CW MCU v10.6/MCU/ARM_GCC_Support/ewl/lib/armv6-m\libm.a(s_scalbnf.o)
 .ARM.attributes
                0x000010b8       0x31 C:/Appz/Freescale/CW MCU v10.6/MCU/ARM_GCC_Support/ewl/lib/armv6-m\libm.a(scalbn.o)
 .ARM.attributes
                0x000010e9       0x31 C:/Appz/Freescale/CW MCU v10.6/MCU/ARM_GCC_Support/ewl/lib/armv6-m\libm.a(w_sqrt.o)
 .ARM.attributes
                0x0000111a       0x31 C:/Appz/Freescale/CW MCU v10.6/MCU/ARM_GCC_Support/ewl/lib/armv6-m\libm.a(e_sqrt.o)
 .ARM.attributes
                0x0000114b       0x31 C:/Appz/Freescale/CW MCU v10.6/MCU/ARM_GCC_Support/ewl/lib/armv6-m\libm.a(s_ldexp.o)
 .ARM.attributes
                0x0000117c       0x1e c:/appz/freescale/cw mcu v10.6/cross_tools/arm-none-eabi-gcc-4_7_3/bin/../lib/gcc/arm-none-eabi/4.7.3/armv6-m\libgcc.a(_thumb1_case_sqi.o)
 .ARM.attributes
                0x0000119a       0x1e c:/appz/freescale/cw mcu v10.6/cross_tools/arm-none-eabi-gcc-4_7_3/bin/../lib/gcc/arm-none-eabi/4.7.3/armv6-m\libgcc.a(_thumb1_case_uqi.o)
 .ARM.attributes
                0x000011b8       0x1e c:/appz/freescale/cw mcu v10.6/cross_tools/arm-none-eabi-gcc-4_7_3/bin/../lib/gcc/arm-none-eabi/4.7.3/armv6-m\libgcc.a(_udivsi3.o)
 .ARM.attributes
                0x000011d6       0x1e c:/appz/freescale/cw mcu v10.6/cross_tools/arm-none-eabi-gcc-4_7_3/bin/../lib/gcc/arm-none-eabi/4.7.3/armv6-m\libgcc.a(_divsi3.o)
 .ARM.attributes
                0x000011f4       0x1e c:/appz/freescale/cw mcu v10.6/cross_tools/arm-none-eabi-gcc-4_7_3/bin/../lib/gcc/arm-none-eabi/4.7.3/armv6-m\libgcc.a(_dvmd_tls.o)
 .ARM.attributes
                0x00001212       0x1e c:/appz/freescale/cw mcu v10.6/cross_tools/arm-none-eabi-gcc-4_7_3/bin/../lib/gcc/arm-none-eabi/4.7.3/armv6-m\libgcc.a(_arm_cmpdf2.o)
 .ARM.attributes
                0x00001230       0x1e c:/appz/freescale/cw mcu v10.6/cross_tools/arm-none-eabi-gcc-4_7_3/bin/../lib/gcc/arm-none-eabi/4.7.3/armv6-m\libgcc.a(_arm_cmpsf2.o)
 .ARM.attributes
                0x0000124e       0x2c c:/appz/freescale/cw mcu v10.6/cross_tools/arm-none-eabi-gcc-4_7_3/bin/../lib/gcc/arm-none-eabi/4.7.3/armv6-m\libgcc.a(addsf3.o)
 .ARM.attributes
                0x0000127a       0x2c c:/appz/freescale/cw mcu v10.6/cross_tools/arm-none-eabi-gcc-4_7_3/bin/../lib/gcc/arm-none-eabi/4.7.3/armv6-m\libgcc.a(divsf3.o)
 .ARM.attributes
                0x000012a6       0x2c c:/appz/freescale/cw mcu v10.6/cross_tools/arm-none-eabi-gcc-4_7_3/bin/../lib/gcc/arm-none-eabi/4.7.3/armv6-m\libgcc.a(eqsf2.o)
 .ARM.attributes
                0x000012d2       0x2c c:/appz/freescale/cw mcu v10.6/cross_tools/arm-none-eabi-gcc-4_7_3/bin/../lib/gcc/arm-none-eabi/4.7.3/armv6-m\libgcc.a(gesf2.o)
 .ARM.attributes
                0x000012fe       0x2c c:/appz/freescale/cw mcu v10.6/cross_tools/arm-none-eabi-gcc-4_7_3/bin/../lib/gcc/arm-none-eabi/4.7.3/armv6-m\libgcc.a(lesf2.o)
 .ARM.attributes
                0x0000132a       0x2c c:/appz/freescale/cw mcu v10.6/cross_tools/arm-none-eabi-gcc-4_7_3/bin/../lib/gcc/arm-none-eabi/4.7.3/armv6-m\libgcc.a(mulsf3.o)
 .ARM.attributes
                0x00001356       0x2c c:/appz/freescale/cw mcu v10.6/cross_tools/arm-none-eabi-gcc-4_7_3/bin/../lib/gcc/arm-none-eabi/4.7.3/armv6-m\libgcc.a(subsf3.o)
 .ARM.attributes
                0x00001382       0x2c c:/appz/freescale/cw mcu v10.6/cross_tools/arm-none-eabi-gcc-4_7_3/bin/../lib/gcc/arm-none-eabi/4.7.3/armv6-m\libgcc.a(fixsfsi.o)
 .ARM.attributes
                0x000013ae       0x2c c:/appz/freescale/cw mcu v10.6/cross_tools/arm-none-eabi-gcc-4_7_3/bin/../lib/gcc/arm-none-eabi/4.7.3/armv6-m\libgcc.a(floatsisf.o)
 .ARM.attributes
                0x000013da       0x2c c:/appz/freescale/cw mcu v10.6/cross_tools/arm-none-eabi-gcc-4_7_3/bin/../lib/gcc/arm-none-eabi/4.7.3/armv6-m\libgcc.a(adddf3.o)
 .ARM.attributes
                0x00001406       0x2c c:/appz/freescale/cw mcu v10.6/cross_tools/arm-none-eabi-gcc-4_7_3/bin/../lib/gcc/arm-none-eabi/4.7.3/armv6-m\libgcc.a(divdf3.o)
 .ARM.attributes
                0x00001432       0x2c c:/appz/freescale/cw mcu v10.6/cross_tools/arm-none-eabi-gcc-4_7_3/bin/../lib/gcc/arm-none-eabi/4.7.3/armv6-m\libgcc.a(eqdf2.o)
 .ARM.attributes
                0x0000145e       0x2c c:/appz/freescale/cw mcu v10.6/cross_tools/arm-none-eabi-gcc-4_7_3/bin/../lib/gcc/arm-none-eabi/4.7.3/armv6-m\libgcc.a(gedf2.o)
 .ARM.attributes
                0x0000148a       0x2c c:/appz/freescale/cw mcu v10.6/cross_tools/arm-none-eabi-gcc-4_7_3/bin/../lib/gcc/arm-none-eabi/4.7.3/armv6-m\libgcc.a(ledf2.o)
 .ARM.attributes
                0x000014b6       0x2c c:/appz/freescale/cw mcu v10.6/cross_tools/arm-none-eabi-gcc-4_7_3/bin/../lib/gcc/arm-none-eabi/4.7.3/armv6-m\libgcc.a(muldf3.o)
 .ARM.attributes
                0x000014e2       0x2c c:/appz/freescale/cw mcu v10.6/cross_tools/arm-none-eabi-gcc-4_7_3/bin/../lib/gcc/arm-none-eabi/4.7.3/armv6-m\libgcc.a(subdf3.o)
 .ARM.attributes
                0x0000150e       0x2c c:/appz/freescale/cw mcu v10.6/cross_tools/arm-none-eabi-gcc-4_7_3/bin/../lib/gcc/arm-none-eabi/4.7.3/armv6-m\libgcc.a(fixdfsi.o)
 .ARM.attributes
                0x0000153a       0x2c c:/appz/freescale/cw mcu v10.6/cross_tools/arm-none-eabi-gcc-4_7_3/bin/../lib/gcc/arm-none-eabi/4.7.3/armv6-m\libgcc.a(floatsidf.o)
 .ARM.attributes
                0x00001566       0x2c c:/appz/freescale/cw mcu v10.6/cross_tools/arm-none-eabi-gcc-4_7_3/bin/../lib/gcc/arm-none-eabi/4.7.3/armv6-m\libgcc.a(extendsfdf2.o)
 .ARM.attributes
                0x00001592       0x2c c:/appz/freescale/cw mcu v10.6/cross_tools/arm-none-eabi-gcc-4_7_3/bin/../lib/gcc/arm-none-eabi/4.7.3/armv6-m\libgcc.a(truncdfsf2.o)
 .ARM.attributes
                0x000015be       0x1e c:/appz/freescale/cw mcu v10.6/cross_tools/arm-none-eabi-gcc-4_7_3/bin/../lib/gcc/arm-none-eabi/4.7.3/armv6-m\libgcc.a(_clzsi2.o)
 .ARM.attributes
                0x000015dc       0x31 C:/Appz/Freescale/CW MCU v10.6/MCU/ARM_GCC_Support/ewl/lib/armv6-m\librt.a(gcc_ctor_dtor.o)
 .ARM.attributes
                0x0000160d       0x31 C:/Appz/Freescale/CW MCU v10.6/MCU/ARM_GCC_Support/ewl/lib/armv6-m\librt.a(ROMCopy.o)
 .ARM.attributes
                0x0000163e       0x31 C:/Appz/Freescale/CW MCU v10.6/MCU/ARM_GCC_Support/ewl/lib/armv6-m\librt.a(__arm_eabi_init.o)
 .ARM.attributes
                0x0000166f       0x31 C:/Appz/Freescale/CW MCU v10.6/MCU/ARM_GCC_Support/ewl/lib/armv6-m\librt.a(setjmp.o)
 .ARM.attributes
                0x000016a0       0x31 C:/Appz/Freescale/CW MCU v10.6/MCU/ARM_GCC_Support/ewl/lib/armv6-m\libhosted.a(semihosted_console_io.o)
 .ARM.attributes
                0x000016d1       0x31 C:/Appz/Freescale/CW MCU v10.6/MCU/ARM_GCC_Support/ewl/lib/armv6-m\libhosted.a(semihosted_file_io.o)
OUTPUT(XSFK_KL25Z.elf elf32-littlearm)

.debug_info     0x00000000    0x21ee1
 .debug_info    0x00000000      0x234 ./Generated_Code/Vectors.o
 .debug_info    0x00000234      0x9df ./Generated_Code/UART.o
 .debug_info    0x00000c13      0x3a5 ./Generated_Code/TestPin_MagCal_Time.o
 .debug_info    0x00000fb8      0x3a5 ./Generated_Code/TestPin_KF_Time.o
 .debug_info    0x0000135d      0x6f9 ./Generated_Code/TU1.o
 .debug_info    0x00001a56      0x658 ./Generated_Code/SystemTimer1.o
 .debug_info    0x000020ae      0x2f5 ./Generated_Code/PWM1.o
 .debug_info    0x000023a3      0x39a ./Generated_Code/PE_LDD.o
 .debug_info    0x0000273d      0xebc ./Generated_Code/MQX1.o
 .debug_info    0x000035f9      0x3cf ./Generated_Code/LED_RED.o
 .debug_info    0x000039c8      0x3cf ./Generated_Code/LED_GREEN.o
 .debug_info    0x00003d97      0xb82 ./Generated_Code/I2C.o
 .debug_info    0x00004919      0x6ca ./Generated_Code/FTM.o
 .debug_info    0x00004fe3      0xc52 ./Generated_Code/Cpu.o
 .debug_info    0x00005c35      0x3e0 ./Generated_Code/BitIoLdd6.o
 .debug_info    0x00006015      0x3e0 ./Generated_Code/BitIoLdd5.o
 .debug_info    0x000063f5      0x3e0 ./Generated_Code/BitIoLdd4.o
 .debug_info    0x000067d5      0x3e0 ./Generated_Code/BitIoLdd3.o
 .debug_info    0x00006bb5      0x3e0 ./Generated_Code/BitIoLdd2.o
 .debug_info    0x00006f95      0x415 ./Generated_Code/BitIoLdd1.o
 .debug_info    0x000073aa      0x29f ./MQXLITE/config/task_template_list.o
 .debug_info    0x00007649     0x1388 ./MQXLITE/kernel/time_ticks.o
 .debug_info    0x000089d1     0x2bf8 ./MQXLITE/kernel/task.o
 .debug_info    0x0000b5c9      0xf4a ./MQXLITE/kernel/mqxlite.o
 .debug_info    0x0000c513      0xce1 ./MQXLITE/kernel/mqx_utils.o
 .debug_info    0x0000d1f4     0x13dd ./MQXLITE/kernel/lwsem.o
 .debug_info    0x0000e5d1     0x12b4 ./MQXLITE/kernel/lwevent.o
 .debug_info    0x0000f885     0x1096 ./MQXLITE/kernel/int.o
 .debug_info    0x0001091b      0xb0c ./MQXLITE/kernel/idletask.o
 .debug_info    0x00011427       0x84 ./MQXLITE/psp/cortex_m/core/M0/dispatch.o
 .debug_info    0x000114ab       0x80 ./MQXLITE/psp/cortex_m/core/M0/boot.o
 .debug_info    0x0001152b      0x44b ./MQXLITE/psp/cortex_m/stack_de.o
 .debug_info    0x00011976      0x68c ./MQXLITE/psp/cortex_m/stack_bu.o
 .debug_info    0x00012002      0xccd ./MQXLITE/psp/cortex_m/sc_irdyq.o
 .debug_info    0x00012ccf      0xb94 ./MQXLITE/psp/cortex_m/psp_tinm.o
 .debug_info    0x00013863      0xb98 ./MQXLITE/psp/cortex_m/psp_tiad.o
 .debug_info    0x000143fb       0xda ./MQXLITE/psp/cortex_m/psp_iinit.o
 .debug_info    0x000144d5      0x143 ./MQXLITE/psp/cortex_m/mem_zero.o
 .debug_info    0x00014618      0xdc1 ./MQXLITE/psp/cortex_m/int_vtab.o
 .debug_info    0x000153d9      0xafa ./MQXLITE/psp/cortex_m/int_inst.o
 .debug_info    0x00015ed3      0x148 ./Project_Settings/Startup_Code/__arm_start.o
 .debug_info    0x0001601b       0x55 ./Project_Settings/Startup_Code/__arm_end.o
 .debug_info    0x00016070      0x71c ./Sources/user_tasks.o
 .debug_info    0x0001678c     0x1508 ./Sources/tasks_func.o
 .debug_info    0x00017c94      0x79d ./Sources/mqx_tasks.o
 .debug_info    0x00018431       0x96 ./Sources/main.o
 .debug_info    0x000184c7     0x2805 ./Sources/FSL_utils.o
 .debug_info    0x0001accc      0x6a5 ./Sources/Events.o
 .debug_info    0x0001b371      0x11e C:/Appz/Freescale/CW MCU v10.6/MCU/ARM_GCC_Support/ewl/lib/armv6-m\libc.a(sprintf.o)
 .debug_info    0x0001b48f      0x205 C:/Appz/Freescale/CW MCU v10.6/MCU/ARM_GCC_Support/ewl/lib/armv6-m\libc.a(vsnprintf.o)
 .debug_info    0x0001b694       0xe8 C:/Appz/Freescale/CW MCU v10.6/MCU/ARM_GCC_Support/ewl/lib/armv6-m\libc.a(exit.o)
 .debug_info    0x0001b77c      0x10f C:/Appz/Freescale/CW MCU v10.6/MCU/ARM_GCC_Support/ewl/lib/armv6-m\libc.a(memcpy.o)
 .debug_info    0x0001b88b       0xec C:/Appz/Freescale/CW MCU v10.6/MCU/ARM_GCC_Support/ewl/lib/armv6-m\libc.a(memset.o)
 .debug_info    0x0001b977      0x764 C:/Appz/Freescale/CW MCU v10.6/MCU/ARM_GCC_Support/ewl/lib/armv6-m\libc.a(printformat_fp.o)
 .debug_info    0x0001c0db      0x5c9 C:/Appz/Freescale/CW MCU v10.6/MCU/ARM_GCC_Support/ewl/lib/armv6-m\libc.a(scanformat_fp.o)
 .debug_info    0x0001c6a4      0x313 C:/Appz/Freescale/CW MCU v10.6/MCU/ARM_GCC_Support/ewl/lib/armv6-m\libc.a(ctype_aeabi.o)
 .debug_info    0x0001c9b7      0x771 C:/Appz/Freescale/CW MCU v10.6/MCU/ARM_GCC_Support/ewl/lib/armv6-m\libc.a(__strtold.o)
 .debug_info    0x0001d128      0x1d6 C:/Appz/Freescale/CW MCU v10.6/MCU/ARM_GCC_Support/ewl/lib/armv6-m\libc.a(__strtoul.o)
 .debug_info    0x0001d2fe      0x137 C:/Appz/Freescale/CW MCU v10.6/MCU/ARM_GCC_Support/ewl/lib/armv6-m\libc.a(__filll_mem.o)
 .debug_info    0x0001d435      0x121 C:/Appz/Freescale/CW MCU v10.6/MCU/ARM_GCC_Support/ewl/lib/armv6-m\libc.a(memchr.o)
 .debug_info    0x0001d556      0x10b C:/Appz/Freescale/CW MCU v10.6/MCU/ARM_GCC_Support/ewl/lib/armv6-m\libc.a(strchr.o)
 .debug_info    0x0001d661      0x109 C:/Appz/Freescale/CW MCU v10.6/MCU/ARM_GCC_Support/ewl/lib/armv6-m\libc.a(strcpy.o)
 .debug_info    0x0001d76a       0xea C:/Appz/Freescale/CW MCU v10.6/MCU/ARM_GCC_Support/ewl/lib/armv6-m\libc.a(strlen.o)
 .debug_info    0x0001d854       0x9d C:/Appz/Freescale/CW MCU v10.6/MCU/ARM_GCC_Support/ewl/lib/armv6-m\libc.a(errno.o)
 .debug_info    0x0001d8f1      0x51c C:/Appz/Freescale/CW MCU v10.6/MCU/ARM_GCC_Support/ewl/lib/armv6-m\libm.a(ansi_fp.o)
 .debug_info    0x0001de0d      0x1e4 C:/Appz/Freescale/CW MCU v10.6/MCU/ARM_GCC_Support/ewl/lib/armv6-m\libm.a(float.o)
 .debug_info    0x0001dff1      0x305 C:/Appz/Freescale/CW MCU v10.6/MCU/ARM_GCC_Support/ewl/lib/armv6-m\libm.a(math_api.o)
 .debug_info    0x0001e2f6      0x1a1 C:/Appz/Freescale/CW MCU v10.6/MCU/ARM_GCC_Support/ewl/lib/armv6-m\libm.a(s_frexp.o)
 .debug_info    0x0001e497      0x158 C:/Appz/Freescale/CW MCU v10.6/MCU/ARM_GCC_Support/ewl/lib/armv6-m\libm.a(s_sinf.o)